Component: ARM Compiler 5.06 update 6 (build 750) Tool: armlink [4d35ed]

==============================================================================

Section Cross References

    main.o(i.Control_SG90) refers to main.o(i.ll_gpio_bit_set) for ll_gpio_bit_set
    main.o(i.Control_SG90) refers to tx_phe_system.o(i.delay_us) for delay_us
    main.o(i.Control_SG90) refers to main.o(i.ll_gpio_bit_reset) for ll_gpio_bit_reset
    main.o(i.caijishuju) refers to dht11.o(i.dht11_read) for dht11_read
    main.o(i.caijishuju) refers to main.o(i.ll_gpio_read_data_bit) for ll_gpio_read_data_bit
    main.o(i.caijishuju) refers to drv_gui.o(i.LCD_ShowNum) for LCD_ShowNum
    main.o(i.caijishuju) refers to printf8.o(i.__0sprintf$8) for __2sprintf
    main.o(i.caijishuju) refers to strlen.o(.text) for strlen
    main.o(i.caijishuju) refers to hw_wifi.o(i.HW_WIFI_SendData) for HW_WIFI_SendData
    main.o(i.caijishuju) refers to tx_phe_system.o(i.delay_ms) for delay_ms
    main.o(i.caijishuju) refers to main.o(.data) for hum
    main.o(i.caijishuju) refers to main.o(.conststring) for .conststring
    main.o(i.caijishuju) refers to main.o(.bss) for temp_str
    main.o(i.clk_config) refers to tx_phe_ll_cc_rst.o(i.ll_cc_syspll_set) for ll_cc_syspll_set
    main.o(i.clk_config) refers to tx_phe_ll_cc_rst.o(i.ll_cc_sysclk_select) for ll_cc_sysclk_select
    main.o(i.clk_config) refers to tx_phe_ll_cc_rst.o(i.ll_cc_adcpll_set) for ll_cc_adcpll_set
    main.o(i.clk_config) refers to tx_phe_ll_cc_rst.o(i.ll_cc_clk_div_config) for ll_cc_clk_div_config
    main.o(i.dianjifan) refers to main.o(i.ll_gpio_bit_set) for ll_gpio_bit_set
    main.o(i.dianjifan) refers to main.o(i.ll_gpio_bit_reset) for ll_gpio_bit_reset
    main.o(i.dianjifan) refers to tx_phe_system.o(i.delay_us) for delay_us
    main.o(i.dianjizheng) refers to main.o(i.ll_gpio_bit_set) for ll_gpio_bit_set
    main.o(i.dianjizheng) refers to tx_phe_system.o(i.delay_us) for delay_us
    main.o(i.dianjizheng) refers to main.o(i.ll_gpio_bit_reset) for ll_gpio_bit_reset
    main.o(i.lcd_show_shuju) refers to drv_gui.o(i.GUI_DrawFont16) for GUI_DrawFont16
    main.o(i.lcd_show_shuju) refers to drv_gui.o(i.LCD_ShowString) for LCD_ShowString
    main.o(i.lcd_show_shuju) refers to drv_gui.o(i.LCD_ShowChar) for LCD_ShowChar
    main.o(i.lcd_show_shuju) refers to drv_lcd.o(.data) for POINT_COLOR
    main.o(i.led22) refers to main.o(i.ll_gpio_bit_reset) for ll_gpio_bit_reset
    main.o(i.led22) refers to main.o(i.ll_gpio_bit_set) for ll_gpio_bit_set
    main.o(i.led22) refers to tx_phe_system.o(i.delay_ms) for delay_ms
    main.o(i.ledkeyinit) refers to tx_phe_ll_gpio.o(i.ll_gpio_dir) for ll_gpio_dir
    main.o(i.ledkeyinit) refers to tx_phe_ll_gpio.o(i.ll_gpio_pull) for ll_gpio_pull
    main.o(i.ledkeyinit) refers to main.o(i.ll_gpio_interrupt_enable) for ll_gpio_interrupt_enable
    main.o(i.ledkeyinit) refers to main.o(i.ll_gpio_bit_reset) for ll_gpio_bit_reset
    main.o(i.ledkeyinit) refers to main.o(i.ll_gpio_bit_set) for ll_gpio_bit_set
    main.o(i.main) refers to main.o(i.system_stare_init) for system_stare_init
    main.o(i.main) refers to main.o(i.ledkeyinit) for ledkeyinit
    main.o(i.main) refers to drv_lcd.o(i.LCD_Clear) for LCD_Clear
    main.o(i.main) refers to main.o(i.lcd_show_shuju) for lcd_show_shuju
    main.o(i.main) refers to main.o(i.caijishuju) for caijishuju
    main.o(i.main) refers to drv_gui.o(i.GUI_DrawFont16) for GUI_DrawFont16
    main.o(i.main) refers to main.o(i.dianjizheng) for dianjizheng
    main.o(i.main) refers to main.o(i.dianjifan) for dianjifan
    main.o(i.main) refers to main.o(i.Control_SG90) for Control_SG90
    main.o(i.main) refers to main.o(i.ll_gpio_bit_set) for ll_gpio_bit_set
    main.o(i.main) refers to main.o(i.ll_gpio_bit_reset) for ll_gpio_bit_reset
    main.o(i.main) refers to tx_phe_system.o(i.delay_ms) for delay_ms
    main.o(i.main) refers to main.o(i.led22) for led22
    main.o(i.main) refers to main.o(.data) for Switch2
    main.o(i.main) refers to drv_lcd.o(.data) for POINT_COLOR
    main.o(i.system_stare_init) refers to main.o(i.clk_config) for clk_config
    main.o(i.system_stare_init) refers to user.o(i.usart_init) for usart_init
    main.o(i.system_stare_init) refers to user.o(i.usart_config) for usart_config
    main.o(i.system_stare_init) refers to user.o(i.fadc_init) for fadc_init
    main.o(i.system_stare_init) refers to user.o(i.fadc_config) for fadc_config
    main.o(i.system_stare_init) refers to user.o(i.fadc_start) for fadc_start
    main.o(i.system_stare_init) refers to drv_lcd.o(i.LCD_Init) for LCD_Init
    main.o(i.system_stare_init) refers to drv_lcd.o(i.LCD_direction) for LCD_direction
    main.o(i.system_stare_init) refers to drv_lcd.o(i.LCD_Clear) for LCD_Clear
    main.o(i.system_stare_init) refers to drv_wifi.o(i.Drv_WIFI_Init) for Drv_WIFI_Init
    main.o(i.system_stare_init) refers to tx_phe_ll_gpio.o(i.ll_gpio_dir) for ll_gpio_dir
[...]
    _printf_truncate_signed                  0x00000000   Number         0  stubs.o ABSOLUTE
    _printf_truncate_unsigned                0x00000000   Number         0  stubs.o ABSOLUTE
    _printf_u                                0x00000000   Number         0  stubs.o ABSOLUTE
    _printf_wc                               0x00000000   Number         0  stubs.o ABSOLUTE
    _printf_wctomb                           0x00000000   Number         0  stubs.o ABSOLUTE
    _printf_widthprec                        0x00000000   Number         0  stubs.o ABSOLUTE
    _printf_x                                0x00000000   Number         0  stubs.o ABSOLUTE
    __cpp_initialize__aeabi_                  - Undefined Weak Reference
    __cxa_finalize                            - Undefined Weak Reference
    _clock_init                               - Undefined Weak Reference
    _microlib_exit                            - Undefined Weak Reference
    __vector_handlers                        0x08000000   Data         316  tx_phe_startup.o(RESET)
    __main                                   0x0800013d   Thumb Code     0  entry.o(.ARM.Collect$$$$00000000)
    _main_stk                                0x0800013d   Thumb Code     0  entry4.o(.ARM.Collect$$$$00000003)
    _main_scatterload                        0x08000141   Thumb Code     0  entry5.o(.ARM.Collect$$$$00000004)
    __main_after_scatterload                 0x08000145   Thumb Code     0  entry5.o(.ARM.Collect$$$$00000004)
    _main_clock                              0x08000145   Thumb Code     0  entry7b.o(.ARM.Collect$$$$00000008)
    _main_cpp_init                           0x08000145   Thumb Code     0  entry8b.o(.ARM.Collect$$$$0000000A)
    _main_init                               0x08000145   Thumb Code     0  entry9a.o(.ARM.Collect$$$$0000000B)
    __rt_final_cpp                           0x0800014d   Thumb Code     0  entry10a.o(.ARM.Collect$$$$0000000D)
    __rt_final_exit                          0x0800014d   Thumb Code     0  entry11a.o(.ARM.Collect$$$$0000000F)
    __scatterload                            0x08000151   Thumb Code    28  init.o(.text)
    __scatterload_rt2                        0x08000151   Thumb Code     0  init.o(.text)
    __decompress                             0x08000175   Thumb Code     0  __dczerorl2.o(.text)
    __decompress1                            0x08000175   Thumb Code    86  __dczerorl2.o(.text)
    Long Thumb to Thumb Veneer to system_init 0x080001cb   Thumb Code    10  anon$$obj.o(Veneer$$Code)
    Long Thumb to Thumb Veneer to $Super$$main 0x080001d5   Thumb Code    10  anon$$obj.o(Veneer$$Code)
    Long Thumb to Thumb Veneer to __aeabi_uldivmod 0x080001df   Thumb Code    10  anon$$obj.o(Veneer$$Code)
    main                                     0x080001e9   Thumb Code    12  tx_phe_startup.o(i.$Sub$$main)
    Reset_Handler                            0x080001f5   Thumb Code     8  tx_phe_startup.o(i.Reset_Handler)
    __0printf$8                              0x080001fd   Thumb Code    22  printf8.o(i.__0printf$8)
    __1printf$8                              0x080001fd   Thumb Code     0  printf8.o(i.__0printf$8)
    __2printf                                0x080001fd   Thumb Code     0  printf8.o(i.__0printf$8)
    __0sprintf$8                             0x0800021d   Thumb Code    34  printf8.o(i.__0sprintf$8)
    __1sprintf$8                             0x0800021d   Thumb Code     0  printf8.o(i.__0sprintf$8)
    __2sprintf                               0x0800021d   Thumb Code     0  printf8.o(i.__0sprintf$8)
    __scatterload_copy                       0x08000245   Thumb Code    14  handlers.o(i.__scatterload_copy)
    __scatterload_null                       0x08000253   Thumb Code     2  handlers.o(i.__scatterload_null)
    __scatterload_zeroinit                   0x08000255   Thumb Code    14  handlers.o(i.__scatterload_zeroinit)
    Region$$Table$$Base                      0x080006d0   Number         0  anon$$obj.o(Region$$Table)
    Region$$Table$$Limit                     0x08000710   Number         0  anon$$obj.o(Region$$Table)
    sram_vector_table                        0x10006000   Data         384  tx_phe_system.o(SRAM_VECTOR_TAB)
    __asm___15_tx_phe_system_c_SYS_CLK____delay_asm 0x10006181   Thumb Code     6  tx_phe_system.o(.emb_text)
    __aeabi_uldivmod                         0x10006187   Thumb Code    98  uldiv.o(.text)
    __aeabi_memcpy                           0x100061e9   Thumb Code    36  memcpya.o(.text)
    __aeabi_memcpy4                          0x100061e9   Thumb Code     0  memcpya.o(.text)
    __aeabi_memcpy8                          0x100061e9   Thumb Code     0  memcpya.o(.text)
    __aeabi_memset                           0x1000620d   Thumb Code    14  memseta.o(.text)
    __aeabi_memset4                          0x1000620d   Thumb Code     0  memseta.o(.text)
    __aeabi_memset8                          0x1000620d   Thumb Code     0  memseta.o(.text)
    __aeabi_memclr                           0x1000621b   Thumb Code     4  memseta.o(.text)
    __aeabi_memclr4                          0x1000621b   Thumb Code     0  memseta.o(.text)
    __aeabi_memclr8                          0x1000621b   Thumb Code     0  memseta.o(.text)
    _memset$wrapper                          0x1000621f   Thumb Code    18  memseta.o(.text)
    strstr                                   0x10006231   Thumb Code    36  strstr.o(.text)
    strlen                                   0x10006255   Thumb Code    14  strlen.o(.text)
    strncmp                                  0x10006263   Thumb Code    30  strncmp.o(.text)
    __aeabi_llsl                             0x10006281   Thumb Code    30  llshl.o(.text)
    _ll_shift_l                              0x10006281   Thumb Code     0  llshl.o(.text)
    __aeabi_llsr                             0x1000629f   Thumb Code    32  llushr.o(.text)
    _ll_ushift_r                             0x1000629f   Thumb Code     0  llushr.o(.text)
    Long Thumb to Thumb Veneer to __2sprintf 0x100062bf   Thumb Code    10  anon$$obj.o(Veneer$$Code)
    Long Thumb to Thumb Veneer to __2printf  0x100062c9   Thumb Code    10  anon$$obj.o(Veneer$$Code)
    ADTIM0_IRQHandler                        0x100062d3   Thumb Code     2  tx_phe_irq.o(i.ADTIM0_IRQHandler)
    ARCTAN0_IRQHandler                       0x100062d5   Thumb Code     2  tx_phe_irq.o(i.ARCTAN0_IRQHandler)
    ARCTAN1_IRQHandler                       0x100062d7   Thumb Code     2  tx_phe_irq.o(i.ARCTAN1_IRQHandler)
    ARCTAN2_IRQHandler                       0x100062d9   Thumb Code     2  tx_phe_irq.o(i.ARCTAN2_IRQHandler)
    BusFault_Handler                         0x100062db   Thumb Code     8  tx_phe_irq.o(i.BusFault_Handler)
    CAN_IRQHandler                           0x100062e3   Thumb Code     2  tx_phe_irq.o(i.CAN_IRQHandler)
    CRC_IRQHandler                           0x100062e5   Thumb Code     2  tx_phe_irq.o(i.CRC_IRQHandler)
    Control_SG90                             0x100062e9   Thumb Code    58  main.o(i.Control_SG90)
    DATADMA_IRQHandler                       0x10006329   Thumb Code     2  tx_phe_irq.o(i.DATADMA_IRQHandler)
    DFTRANS0_IRQHandler                      0x1000632b   Thumb Code     2  tx_phe_irq.o(i.DFTRANS0_IRQHandler)
    DFTRANS1_IRQHandler                      0x1000632d   Thumb Code     2  tx_phe_irq.o(i.DFTRANS1_IRQHandler)
    DFTRANS2_IRQHandler                      0x1000632f   Thumb Code     2  tx_phe_irq.o(i.DFTRANS2_IRQHandler)
    DMA0_IRQHandler                          0x10006331   Thumb Code     2  tx_phe_irq.o(i.DMA0_IRQHandler)
    DebugMon_Handler                         0x10006333   Thumb Code     2  tx_phe_irq.o(i.DebugMon_Handler)
    Drv_WIFI_Init                            0x10006335   Thumb Code    12  drv_wifi.o(i.Drv_WIFI_Init)
    Drv_WIFI_SendCmdAndWaitRequest           0x10006341   Thumb Code    94  drv_wifi.o(i.Drv_WIFI_SendCmdAndWaitRequest)
    EPWM_IRQHandler                          0x1000639f   Thumb Code     2  tx_phe_irq.o(i.EPWM_IRQHandler)
    EVSYS_IRQHandler                         0x100063a1   Thumb Code     2  tx_phe_irq.o(i.EVSYS_IRQHandler)
    FADC_IRQHandler                          0x100063a5   Thumb Code    90  tx_phe_irq.o(i.FADC_IRQHandler)
    FFT0_IRQHandler                          0x10006405   Thumb Code     2  tx_phe_irq.o(i.FFT0_IRQHandler)
    FFT0_PREPROCESS_IRQHandler               0x10006407   Thumb Code     2  tx_phe_irq.o(i.FFT0_PREPROCESS_IRQHandler)
    FFT1_IRQHandler                          0x10006409   Thumb Code     2  tx_phe_irq.o(i.FFT1_IRQHandler)
    FFT1_PREPROCESS_IRQHandler               0x1000640b   Thumb Code     2  tx_phe_irq.o(i.FFT1_PREPROCESS_IRQHandler)
    FFT2_IRQHandler                          0x1000640d   Thumb Code     2  tx_phe_irq.o(i.FFT2_IRQHandler)
    FFT2_PREPROCESS_IRQHandler               0x1000640f   Thumb Code     2  tx_phe_irq.o(i.FFT2_PREPROCESS_IRQHandler)
    FIR0_IRQHandler                          0x10006411   Thumb Code     2  tx_phe_irq.o(i.FIR0_IRQHandler)
    FIR1_IRQHandler                          0x10006413   Thumb Code     2  tx_phe_irq.o(i.FIR1_IRQHandler)
    FIR2_IRQHandler                          0x10006415   Thumb Code     2  tx_phe_irq.o(i.FIR2_IRQHandler)
    GMAC_IRQHandler                          0x10006417   Thumb Code     2  tx_phe_irq.o(i.GMAC_IRQHandler)
    GPIOA_IRQHandler                         0x10006419   Thumb Code     2  tx_phe_irq.o(i.GPIOA_IRQHandler)
    GPIOB_IRQHandler                         0x1000641b   Thumb Code     2  tx_phe_irq.o(i.GPIOB_IRQHandler)
    GPIOC_IRQHandler                         0x1000641d   Thumb Code     2  tx_phe_irq.o(i.GPIOC_IRQHandler)
    GPIOD_IRQHandler                         0x1000641f   Thumb Code     2  tx_phe_irq.o(i.GPIOD_IRQHandler)
    GUI_DrawFont16                           0x10006421   Thumb Code   252  drv_gui.o(i.GUI_DrawFont16)
    HCC_IRQHandler                           0x10006529   Thumb Code     2  tx_phe_irq.o(i.HCC_IRQHandler)
    HW_LCD_Init                              0x1000652b   Thumb Code    12  hw_lcd.o(i.HW_LCD_Init)
    HW_LCD_Reset                             0x10006539   Thumb Code    32  hw_lcd.o(i.HW_LCD_Reset)
    HW_LCD_SendData                          0x1000655d   Thumb Code    36  hw_lcd.o(i.HW_LCD_SendData)
    HW_LCD_SendData16Bit                     0x10006585   Thumb Code    58  hw_lcd.o(i.HW_LCD_SendData16Bit)
    HW_LCD_SendReg                           0x100065c5   Thumb Code    36  hw_lcd.o(i.HW_LCD_SendReg)
    HW_WIFI_Clear                            0x100065ed   Thumb Code    20  hw_wifi.o(i.HW_WIFI_Clear)
    HW_WIFI_GetRxDataPtr                     0x10006609   Thumb Code     4  hw_wifi.o(i.HW_WIFI_GetRxDataPtr)
    HW_WIFI_GetRxLen                         0x10006611   Thumb Code     6  hw_wifi.o(i.HW_WIFI_GetRxLen)
    HW_WIFI_Init                             0x1000661d   Thumb Code   196  hw_wifi.o(i.HW_WIFI_Init)
    HW_WIFI_Reset                            0x100066f9   Thumb Code    36  hw_wifi.o(i.HW_WIFI_Reset)
    HW_WIFI_SendData                         0x10006721   Thumb Code    36  hw_wifi.o(i.HW_WIFI_SendData)
    HardFault_Handler                        0x10006749   Thumb Code     8  tx_phe_irq.o(i.HardFault_Handler)
    IIC0_IRQHandler                          0x10006751   Thumb Code     2  tx_phe_irq.o(i.IIC0_IRQHandler)
    IIC1_IRQHandler                          0x10006753   Thumb Code     2  tx_phe_irq.o(i.IIC1_IRQHandler)
    IIR0_IRQHandler                          0x10006755   Thumb Code     2  tx_phe_irq.o(i.IIR0_IRQHandler)
    IIR1_IRQHandler                          0x10006757   Thumb Code     2  tx_phe_irq.o(i.IIR1_IRQHandler)
    IIR2_IRQHandler                          0x10006759   Thumb Code     2  tx_phe_irq.o(i.IIR2_IRQHandler)
    LCD_Clear                                0x1000675d   Thumb Code    64  drv_lcd.o(i.LCD_Clear)
    LCD_DrawPoint                            0x100067a1   Thumb Code    24  drv_lcd.o(i.LCD_DrawPoint)
    LCD_Init                                 0x100067ed   Thumb Code   564  drv_lcd.o(i.LCD_Init)
    LCD_RESET                                0x10006a21   Thumb Code     8  drv_lcd.o(i.LCD_RESET)
    LCD_SetCursor                            0x10006acd   Thumb Code    20  drv_lcd.o(i.LCD_SetCursor)
    LCD_SetWindows                           0x10006ae1   Thumb Code    84  drv_lcd.o(i.LCD_SetWindows)
    LCD_ShowChar                             0x10006b39   Thumb Code   276  drv_gui.o(i.LCD_ShowChar)
    LCD_ShowNum                              0x10006c5d   Thumb Code   168  drv_gui.o(i.LCD_ShowNum)
    LCD_ShowString                           0x10006d0d   Thumb Code    94  drv_gui.o(i.LCD_ShowString)
    LCD_WR_DATA                              0x10006d75   Thumb Code    12  drv_lcd.o(i.LCD_WR_DATA)
    LCD_WR_REG                               0x10006d81   Thumb Code    12  drv_lcd.o(i.LCD_WR_REG)
    LCD_WriteRAM_Prepare                     0x10006d8d   Thumb Code    12  drv_lcd.o(i.LCD_WriteRAM_Prepare)
    LCD_WriteReg                             0x10006d9d   Thumb Code    20  drv_lcd.o(i.LCD_WriteReg)
    LCD_direction                            0x10006db1   Thumb Code   128  drv_lcd.o(i.LCD_direction)
    LVD_IRQHandler                           0x10006e35   Thumb Code     8  tx_phe_irq.o(i.LVD_IRQHandler)
    Lcd_WriteData_16Bit                      0x10006e3d   Thumb Code    12  drv_lcd.o(i.Lcd_WriteData_16Bit)
    MATRIX_MULT_IRQHandler                   0x10006e49   Thumb Code     2  tx_phe_irq.o(i.MATRIX_MULT_IRQHandler)
    MemManage_Handler                        0x10006e4b   Thumb Code     8  tx_phe_irq.o(i.MemManage_Handler)
    NMI_Handler                              0x10006e53   Thumb Code     8  tx_phe_irq.o(i.NMI_Handler)
    PendSV_Handler                           0x10006e5b   Thumb Code     2  tx_phe_irq.o(i.PendSV_Handler)
    QEI_IRQHandler                           0x10006e5d   Thumb Code     2  tx_phe_irq.o(i.QEI_IRQHandler)
    RMS0_IRQHandler                          0x10006e5f   Thumb Code     2  tx_phe_irq.o(i.RMS0_IRQHandler)
    RMS1_IRQHandler                          0x10006e61   Thumb Code     2  tx_phe_irq.o(i.RMS1_IRQHandler)
    RMS2_IRQHandler                          0x10006e63   Thumb Code     2  tx_phe_irq.o(i.RMS2_IRQHandler)
    SARADC_IRQHandler                        0x10006e65   Thumb Code     2  tx_phe_irq.o(i.SARADC_IRQHandler)
    SINCOS0_IRQHandler                       0x10006e67   Thumb Code     2  tx_phe_irq.o(i.SINCOS0_IRQHandler)
    SINCOS1_IRQHandler                       0x10006e69   Thumb Code     2  tx_phe_irq.o(i.SINCOS1_IRQHandler)
    SPI0_IRQHandler                          0x10006e6b   Thumb Code     2  tx_phe_irq.o(i.SPI0_IRQHandler)
    SPI1_IRQHandler                          0x10006e6d   Thumb Code     2  tx_phe_irq.o(i.SPI1_IRQHandler)
    SPWM_IRQHandler                          0x10006e6f   Thumb Code     2  tx_phe_irq.o(i.SPWM_IRQHandler)
    SVC_Handler                              0x10006e71   Thumb Code     2  tx_phe_irq.o(i.SVC_Handler)
    SVPWM_IRQHandler                         0x10006e73   Thumb Code     2  tx_phe_irq.o(i.SVPWM_IRQHandler)
    SysTick_Handler                          0x10006e75   Thumb Code    12  tx_phe_irq.o(i.SysTick_Handler)
    TIM0_IRQHandler                          0x10006e85   Thumb Code     2  tx_phe_irq.o(i.TIM0_IRQHandler)
    TIM1_IRQHandler                          0x10006e87   Thumb Code     2  tx_phe_irq.o(i.TIM1_IRQHandler)
    TIM2_IRQHandler                          0x10006e89   Thumb Code     2  tx_phe_irq.o(i.TIM2_IRQHandler)
    TIM3_IRQHandler                          0x10006e8b   Thumb Code     2  tx_phe_irq.o(i.TIM3_IRQHandler)
    TIM4_IRQHandler                          0x10006e8d   Thumb Code     2  tx_phe_irq.o(i.TIM4_IRQHandler)
    TIM5_IRQHandler                          0x10006e8f   Thumb Code     2  tx_phe_irq.o(i.TIM5_IRQHandler)
    TIM6_IRQHandler                          0x10006e91   Thumb Code     2  tx_phe_irq.o(i.TIM6_IRQHandler)
    TIM7_IRQHandler                          0x10006e93   Thumb Code     2  tx_phe_irq.o(i.TIM7_IRQHandler)
    USART0_IRQHandler                        0x10006e95   Thumb Code     2  tx_phe_irq.o(i.USART0_IRQHandler)
    USART1_IRQHandler                        0x10006e97   Thumb Code     2  tx_phe_irq.o(i.USART1_IRQHandler)
    USART2_IRQHandler                        0x10006e99   Thumb Code   274  tx_phe_irq.o(i.USART2_IRQHandler)
    UsageFault_Handler                       0x10006fc1   Thumb Code     8  tx_phe_irq.o(i.UsageFault_Handler)
    WAKEUP_IRQHandler                        0x10006fc9   Thumb Code     2  tx_phe_irq.o(i.WAKEUP_IRQHandler)
    WDT_IRQHandler                           0x10006fcd   Thumb Code    24  tx_phe_irq.o(i.WDT_IRQHandler)
    caijishuju                               0x10006ff5   Thumb Code   402  main.o(i.caijishuju)
    cmdAnalyse                               0x10007211   Thumb Code    76  drv_wifi.o(i.cmdAnalyse)
    debug_select_interface                   0x10007279   Thumb Code    42  tx_phe_debug.o(i.debug_select_interface)
    delay_10ms                               0x100072b5   Thumb Code    30  dht11.o(i.delay_10ms)
    delay_10us                               0x100072d3   Thumb Code    14  dht11.o(i.delay_10us)
    delay_ms                                 0x100072e1   Thumb Code    68  tx_phe_system.o(i.delay_ms)
    delay_us                                 0x10007325   Thumb Code    66  tx_phe_system.o(i.delay_us)
    dht11_init                               0x1000736d   Thumb Code   130  dht11.o(i.dht11_init)
    dht11_read                               0x100073f5   Thumb Code   206  dht11.o(i.dht11_read)
    dianjifan                                0x100074c9   Thumb Code    62  main.o(i.dianjifan)
    dianjizheng                              0x1000750d   Thumb Code    62  main.o(i.dianjizheng)
    dump_fault_state                         0x10007551   Thumb Code   406  tx_phe_system.o(i.dump_fault_state)
    fadc_config                              0x10007a29   Thumb Code    46  user.o(i.fadc_config)
    fadc_init                                0x10007a61   Thumb Code    22  user.o(i.fadc_init)
    fadc_start                               0x10007a7d   Thumb Code    20  user.o(i.fadc_start)
    fputc                                    0x10007a99   Thumb Code    94  tx_phe_debug.o(i.fputc)
    lcd_show_shuju                           0x10007b05   Thumb Code   898  main.o(i.lcd_show_shuju)
    ll_cc_adcpll_set                         0x100080ad   Thumb Code   582  tx_phe_ll_cc_rst.o(i.ll_cc_adcpll_set)
    ll_cc_clk_div_config                     0x10008311   Thumb Code   148  tx_phe_ll_cc_rst.o(i.ll_cc_clk_div_config)
    ll_cc_rst_delay5ms_32khz                 0x10008429   Thumb Code    32  tx_phe_ll_cc_rst.o(i.ll_cc_rst_delay5ms_32khz)
    ll_cc_sys_clk_get                        0x10008449   Thumb Code   134  tx_phe_ll_cc_rst.o(i.ll_cc_sys_clk_get)
    ll_cc_sysclk_select                      0x100084e1   Thumb Code    42  tx_phe_ll_cc_rst.o(i.ll_cc_sysclk_select)
    ll_cc_syspll_set                         0x10008515   Thumb Code   720  tx_phe_ll_cc_rst.o(i.ll_cc_syspll_set)
    ll_eflash_config                         0x10008801   Thumb Code   126  tx_phe_ll_eflash.o(i.ll_eflash_config)
    ll_eflash_init                           0x100088c5   Thumb Code    92  tx_phe_ll_eflash.o(i.ll_eflash_init)
    ll_fadc_analog_init                      0x10008969   Thumb Code   112  tx_phe_ll_fadc.o(i.ll_fadc_analog_init)
    ll_fadc_clk_init                         0x100089dd   Thumb Code    58  tx_phe_ll_fadc.o(i.ll_fadc_clk_init)
    ll_fadc_config                           0x10008a21   Thumb Code   456  tx_phe_ll_fadc.o(i.ll_fadc_config)
    ll_fadc_init                             0x10008c35   Thumb Code   648  tx_phe_ll_fadc.o(i.ll_fadc_init)
    ll_fadc_rd_sfr                           0x10008f59   Thumb Code    54  tx_phe_ll_fadc.o(i.ll_fadc_rd_sfr)
    ll_fadc_set_dc_offset                    0x10008f95   Thumb Code   128  tx_phe_ll_fadc.o(i.ll_fadc_set_dc_offset)
    ll_fadc_set_quantify                     0x10009055   Thumb Code   112  tx_phe_ll_fadc.o(i.ll_fadc_set_quantify)
    ll_fadc_start                            0x10009109   Thumb Code    46  tx_phe_ll_fadc.o(i.ll_fadc_start)
    ll_fadc_wr_sfr                           0x10009175   Thumb Code    36  tx_phe_ll_fadc.o(i.ll_fadc_wr_sfr)
    ll_gpio_dir                              0x100091bd   Thumb Code    64  tx_phe_ll_gpio.o(i.ll_gpio_dir)
    ll_gpio_pull                             0x1000924d   Thumb Code   110  tx_phe_ll_gpio.o(i.ll_gpio_pull)
    ll_spi_init                              0x10009329   Thumb Code   106  tx_phe_ll_spi.o(i.ll_spi_init)
    ll_spi_io_map                            0x100093d5   Thumb Code   300  tx_phe_ll_spi.o(i.ll_spi_io_map)
    ll_usart232_config                       0x1000954d   Thumb Code   146  tx_phe_ll_usart.o(i.ll_usart232_config)
    ll_usart232_io_map                       0x10009625   Thumb Code   200  tx_phe_ll_usart.o(i.ll_usart232_io_map)
    ll_usart_init                            0x1000973d   Thumb Code    36  tx_phe_ll_usart.o(i.ll_usart_init)
    ll_usart_irq_config                      0x100097a5   Thumb Code    70  tx_phe_ll_usart.o(i.ll_usart_irq_config)
    $Super$$main                             0x100097ed   Thumb Code  1136  main.o(i.main)
    mypow                                    0x10009c61   Thumb Code    22  drv_gui.o(i.mypow)
    recover_fault_state                      0x10009c77   Thumb Code     8  tx_phe_system.o(i.recover_fault_state)
    sys_cpu_init                             0x10009c81   Thumb Code    86  tx_phe_system.o(i.sys_cpu_init)
    sys_eflash_config                        0x10009ce1   Thumb Code    60  tx_phe_system.o(i.sys_eflash_config)
    sys_eflash_init                          0x10009d25   Thumb Code    16  tx_phe_system.o(i.sys_eflash_init)
    sys_fault_recover_context                0x10009d39   Thumb Code     2  tx_phe_system.o(i.sys_fault_recover_context)
    sys_fault_save_context                   0x10009d3b   Thumb Code     2  tx_phe_system.o(i.sys_fault_save_context)
    sys_module_init                          0x10009d3d   Thumb Code    60  tx_phe_system.o(i.sys_module_init)
    sys_peripheral_init                      0x10009d89   Thumb Code    12  tx_phe_system.o(i.sys_peripheral_init)
    system_critical_section_enter            0x10009d95   Thumb Code    32  tx_phe_system.o(i.system_critical_section_enter)
    system_critical_section_exit             0x10009dbd   Thumb Code    32  tx_phe_system.o(i.system_critical_section_exit)
    system_init                              0x10009de5   Thumb Code    84  tx_phe_system.o(i.system_init)
    system_stare_init                        0x10009e4d   Thumb Code  1014  main.o(i.system_stare_init)
    tx_assert_address                        0x1000a565   Thumb Code   234  tx_phe_assert.o(i.tx_assert_address)
    tx_assert_false                          0x1000a725   Thumb Code    18  tx_phe_assert.o(i.tx_assert_false)
    usart_config                             0x1000a769   Thumb Code    76  user.o(i.usart_config)
    usart_init                               0x1000a7bd   Thumb Code    16  user.o(i.usart_init)
    asc2_1206                                0x1000a7d0   Data        1140  drv_gui.o(.constdata)
    asc2_1608                                0x1000ac44   Data        1520  drv_gui.o(.constdata)
    tfont16                                  0x1000b234   Data        2176  drv_gui.o(.constdata)
    rentizhi                                 0x20000000   Data           4  main.o(.data)
    guangmin                                 0x20000004   Data           4  main.o(.data)
    ziwaixian                                0x20000008   Data           4  main.o(.data)
    temp                                     0x2000000c   Data           1  main.o(.data)
    hum                                      0x2000000d   Data           1  main.o(.data)
    button1                                  0x20000010   Data           4  main.o(.data)
    button2                                  0x20000014   Data           4  main.o(.data)
    yudi                                     0x20000018   Data           4  main.o(.data)
    chumo1                                   0x2000001c   Data           4  main.o(.data)
    chumo2                                   0x20000020   Data           4  main.o(.data)
    Switch2                                  0x20000024   Data           2  main.o(.data)
    flat1                                    0x20000028   Data           4  main.o(.data)
    flat2                                    0x2000002c   Data           4  main.o(.data)
    i                                        0x20000030   Data           1  tx_phe_irq.o(.data)
    POINT_COLOR                              0x20000032   Data           2  drv_lcd.o(.data)
    BACK_COLOR                               0x20000034   Data           2  drv_lcd.o(.data)
    DeviceCode                               0x20000036   Data           2  drv_lcd.o(.data)
    func3                                    0x20000038   Data           4  drv_wifi.o(.data)
    func4                                    0x2000003c   Data           4  drv_wifi.o(.data)
    usart2_buf_idx                           0x20000040   Data           2  hw_wifi.o(.data)
    __stdout                                 0x20000044   Data           4  tx_phe_debug.o(.data)
    __stdin                                  0x20000048   Data           4  tx_phe_debug.o(.data)
    ITM_RxBuffer                             0x2000004c   Data           4  tx_phe_debug.o(.data)
    SysTickCnt                               0x20000058   Data           4  tx_phe_system.o(.data)
    SYS_CLK                                  0x20000068   Data           4  tx_phe_system.o(.data)
    temp_str                                 0x20000074   Data          30  main.o(.bss)
    hum_str                                  0x20000092   Data          30  main.o(.bss)
    rentizhi2                                0x200000b0   Data          50  main.o(.bss)
    ziwaixian2                               0x200000e2   Data          50  main.o(.bss)
    yudi2                                    0x20000114   Data          50  main.o(.bss)
    guangmin2                                0x20000146   Data          50  main.o(.bss)
    RECS                                     0x20000178   Data         250  main.o(.bss)
    fadc_cfg                                 0x20000274   Data          24  user.o(.bss)
    lcddev                                   0x2000028c   Data          14  drv_lcd.o(.bss)
    usart2_buf                               0x2000029a   Data         256  hw_wifi.o(.bss)
    Image$$ARM_LIB_STACK$$ZI$$Limit          0x2000e400   Number         0  anon$$obj.o ABSOLUTE
    ___IIC0__                                0x40000000   Data         224  txf6200.o(.ARM.__AT_0x40000000)
    ___IIC1__                                0x40001000   Data         224  txf6200.o(.ARM.__AT_0x40001000)
    ___USART0__                              0x40003000   Data         208  txf6200.o(.ARM.__AT_0x40003000)
    ___USART1__                              0x40004000   Data         208  txf6200.o(.ARM.__AT_0x40004000)
    ___USART2__                              0x40005000   Data         208  txf6200.o(.ARM.__AT_0x40005000)
    ___SPI0__                                0x40006000   Data          44  txf6200.o(.ARM.__AT_0x40006000)
    ___SPI1__                                0x40007000   Data          44  txf6200.o(.ARM.__AT_0x40007000)
    ___LVD__                                 0x40009000   Data           4  txf6200.o(.ARM.__AT_0x40009000)
    ___ADVTMR0__                             0x4000a000   Data         104  txf6200.o(.ARM.__AT_0x4000A000)
    ___TIMER4__                              0x4000d000   Data          16  txf6200.o(.ARM.__AT_0x4000D000)
    ___TIMER5__                              0x4000d010   Data          16  txf6200.o(.ARM.__AT_0x4000D010)
    ___TIMER6__                              0x4000d020   Data          16  txf6200.o(.ARM.__AT_0x4000D020)
    ___TIMER7__                              0x4000d030   Data          16  txf6200.o(.ARM.__AT_0x4000D030)
    ___QEI__                                 0x40012000   Data          60  txf6200.o(.ARM.__AT_0x40012000)
    ___WDT__                                 0x40013000   Data         256  txf6200.o(.ARM.__AT_0x40013000)
    ___WDT1__                                0x40014000   Data           8  txf6200.o(.ARM.__AT_0x40014000)
    ___TIMER0__                              0x40015000   Data          16  txf6200.o(.ARM.__AT_0x40015000)
    ___TIMER1__                              0x40015010   Data          16  txf6200.o(.ARM.__AT_0x40015010)
    ___TIMER2__                              0x40015020   Data          16  txf6200.o(.ARM.__AT_0x40015020)
    ___TIMER3__                              0x40015030   Data          16  txf6200.o(.ARM.__AT_0x40015030)
    ___CRC__                                 0x40017000   Data          40  txf6200.o(.ARM.__AT_0x40017000)
    ___FPLL0__                               0x4001c000   Data          16  txf6200.o(.ARM.__AT_0x4001C000)
    ___FPLL1__                               0x4001d000   Data          16  txf6200.o(.ARM.__AT_0x4001D000)
    ___DMAC__                                0x40020000   Data         952  txf6200.o(.ARM.__AT_0x40020000)
    ___GMAC__                                0x40021000   Data          96  txf6200.o(.ARM.__AT_0x40021000)
    ___GPIOA__                               0x40022000   Data          60  txf6200.o(.ARM.__AT_0x40022000)
    ___GPIOB__                               0x40024000   Data          60  txf6200.o(.ARM.__AT_0x40024000)
    ___GPIOC__                               0x40025000   Data          60  txf6200.o(.ARM.__AT_0x40025000)
    ___SYSCTRL__                             0x40026000   Data         132  txf6200.o(.ARM.__AT_0x40026000)
    ___GPIOD__                               0x40027000   Data          60  txf6200.o(.ARM.__AT_0x40027000)
    ___CAN__                                 0x40029000   Data         176  txf6200.o(.ARM.__AT_0x40029000)
    ___HCC__                                 0x40030000   Data          20  txf6200.o(.ARM.__AT_0x40030000)
    ___EFLASH__                              0x40031000   Data         124  txf6200.o(.ARM.__AT_0x40031000)
    ___EVSYS__                               0x40032000   Data         224  txf6200.o(.ARM.__AT_0x40032000)
    ___SVPWM__                               0x40033000   Data          52  txf6200.o(.ARM.__AT_0x40033000)
    ___SINCOS0__                             0x40035000   Data          64  txf6200.o(.ARM.__AT_0x40035000)
    ___SINCOS1__                             0x40035040   Data          64  txf6200.o(.ARM.__AT_0x40035040)
    ___RMS0__                                0x40035080   Data          64  txf6200.o(.ARM.__AT_0x40035080)
    ___RMS1__                                0x400350c0   Data          64  txf6200.o(.ARM.__AT_0x400350C0)
    ___RMS2__                                0x40035100   Data          64  txf6200.o(.ARM.__AT_0x40035100)
    ___MATRIX__                              0x40035140   Data         320  txf6200.o(.ARM.__AT_0x40035140)
    ___SPWM__                                0x40035280   Data          64  txf6200.o(.ARM.__AT_0x40035280)
    ___FFT0__                                0x400352c0   Data          64  txf6200.o(.ARM.__AT_0x400352C0)
    ___FFT1__                                0x40035300   Data          64  txf6200.o(.ARM.__AT_0x40035300)
    ___FFT2__                                0x40035340   Data          64  txf6200.o(.ARM.__AT_0x40035340)
    ___DFTRAN0__                             0x40035380   Data          64  txf6200.o(.ARM.__AT_0x40035380)
    ___DFTRAN1__                             0x400353c0   Data          64  txf6200.o(.ARM.__AT_0x400353C0)
    ___DFTRAN2__                             0x40035400   Data          64  txf6200.o(.ARM.__AT_0x40035400)
    ___ARCTAN0__                             0x40035440   Data          64  txf6200.o(.ARM.__AT_0x40035440)
    ___ARCTAN1__                             0x40035480   Data          64  txf6200.o(.ARM.__AT_0x40035480)
    ___ARCTAN2__                             0x400354c0   Data          64  txf6200.o(.ARM.__AT_0x400354C0)
    ___DATADMA__                             0x40035500   Data          64  txf6200.o(.ARM.__AT_0x40035500)
    ___ADC__                                 0x40036000   Data         612  txf6200.o(.ARM.__AT_0x40036000)
    ___IIR0__                                0x40036300   Data          96  txf6200.o(.ARM.__AT_0x40036300)
    ___IIR1__                                0x40036360   Data          96  txf6200.o(.ARM.__AT_0x40036360)
    ___IIR2__                                0x400363c0   Data          96  txf6200.o(.ARM.__AT_0x400363C0)
    ___FIR0__                                0x40036420   Data          48  txf6200.o(.ARM.__AT_0x40036420)
    ___FIR1__                                0x40036450   Data          48  txf6200.o(.ARM.__AT_0x40036450)
    ___FIR2__                                0x40036480   Data          48  txf6200.o(.ARM.__AT_0x40036480)
    ___FADC__                                0x40037000   Data         320  txf6200.o(.ARM.__AT_0x40037000)
    ___EPWM__                                0x40038000   Data         600  txf6200.o(.ARM.__AT_0x40038000)



==============================================================================

Memory Map of the image

  Image Entry point : 0x080001f5

  Load Region LR_EFLASH (Base: 0x08000000, Size: 0x000067fc, Max: 0x0001f000, ABSOLUTE, COMPRESSED[0x00006680])

    Execution Region ER_EFLASH (Exec base: 0x08000000, Load base: 0x08000000, Size: 0x00000710, Max: 0x0001f000, ABSOLUTE)

    Exec Addr    Load Addr    Size         Type   Attr      Idx    E Section Name        Object

    0x08000000   0x08000000   0x0000013c   Data   RO         4264    RESET               tx_phe_startup.o
    0x0800013c   0x0800013c   0x00000000   Code   RO         4409  * .ARM.Collect$$$$00000000  mc_w.l(entry.o)
    0x0800013c   0x0800013c   0x00000004   Code   RO         4719    .ARM.Collect$$$$00000003  mc_w.l(entry4.o)
    0x08000140   0x08000140   0x00000004   Code   RO         4722    .ARM.Collect$$$$00000004  mc_w.l(entry5.o)
    0x08000144   0x08000144   0x00000000   Code   RO         4724    .ARM.Collect$$$$00000008  mc_w.l(entry7b.o)
    0x08000144   0x08000144   0x00000000   Code   RO         4726    .ARM.Collect$$$$0000000A  mc_w.l(entry8b.o)
    0x08000144   0x08000144   0x00000008   Code   RO         4727    .ARM.Collect$$$$0000000B  mc_w.l(entry9a.o)
    0x0800014c   0x0800014c   0x00000000   Code   RO         4729    .ARM.Collect$$$$0000000D  mc_w.l(entry10a.o)
    0x0800014c   0x0800014c   0x00000000   Code   RO         4731    .ARM.Collect$$$$0000000F  mc_w.l(entry11a.o)
    0x0800014c   0x0800014c   0x00000004   Code   RO         4720    .ARM.Collect$$$$00002714  mc_w.l(entry4.o)
    0x08000150   0x08000150   0x00000024   Code   RO         4757    .text               mc_w.l(init.o)
    0x08000174   0x08000174   0x00000056   Code   RO         4767    .text               mc_w.l(__dczerorl2.o)
    0x080001ca   0x080001ca   0x0000000a   Ven    RO         4769    Veneer$$Code        anon$$obj.o
    0x080001d4   0x080001d4   0x0000000a   Ven    RO         4770    Veneer$$Code        anon$$obj.o
    0x080001de   0x080001de   0x0000000a   Ven    RO         4771    Veneer$$Code        anon$$obj.o
    0x080001e8   0x080001e8   0x0000000c   Code   RO         4261    i.$Sub$$main        tx_phe_startup.o
    0x080001f4   0x080001f4   0x00000008   Code   RO         4263  * i.Reset_Handler     tx_phe_startup.o
    0x080001fc   0x080001fc   0x00000020   Code   RO         4633    i.__0printf$8       mc_w.l(printf8.o)
    0x0800021c   0x0800021c   0x00000028   Code   RO         4635    i.__0sprintf$8      mc_w.l(printf8.o)
    0x08000244   0x08000244   0x0000000e   Code   RO         4761    i.__scatterload_copy  mc_w.l(handlers.o)
    0x08000252   0x08000252   0x00000002   Code   RO         4762    i.__scatterload_null  mc_w.l(handlers.o)
    0x08000254   0x08000254   0x0000000e   Code   RO         4763    i.__scatterload_zeroinit  mc_w.l(handlers.o)
    0x08000262   0x08000262   0x00000002   PAD
    0x08000264   0x08000264   0x00000410   Code   RO         4640    i._printf_core      mc_w.l(printf8.o)
    0x08000674   0x08000674   0x00000024   Code   RO         4641    i._printf_post_padding  mc_w.l(printf8.o)
    0x08000698   0x08000698   0x0000002e   Code   RO         4642    i._printf_pre_padding  mc_w.l(printf8.o)
    0x080006c6   0x080006c6   0x0000000a   Code   RO         4644    i._sputc            mc_w.l(printf8.o)
    0x080006d0   0x080006d0   0x00000040   Data   RO         4759    Region$$Table       anon$$obj.o


    Execution Region ER_RAM_VECT (Exec base: 0x10006000, Load base: 0x08000710, Size: 0x00000180, Max: 0x00000180, ABSOLUTE, COMPRESSED[0x00000004])

    Exec Addr    Load Addr    Size         Type   Attr      Idx    E Section Name        Object

    0x10006000   COMPRESSED   0x00000180   Data   RW         4122    SRAM_VECTOR_TAB     tx_phe_system.o


    Execution Region ER_RAM_CODE (Exec base: 0x10006180, Load base: 0x08000714, Size: 0x00005ef8, Max: 0x00007e80, ABSOLUTE)

    Exec Addr    Load Addr    Size         Type   Attr      Idx    E Section Name        Object

    0x10006180   0x08000714   0x00000006   Code   RO         4099    .emb_text           tx_phe_system.o
    0x10006186   0x0800071a   0x00000062   Code   RO         4412    .text               mc_w.l(uldiv.o)
    0x100061e8   0x0800077c   0x00000024   Code   RO         4414    .text               mc_w.l(memcpya.o)
    0x1000620c   0x080007a0   0x00000024   Code   RO         4416    .text               mc_w.l(memseta.o)
    0x10006230   0x080007c4   0x00000024   Code   RO         4418    .text               mc_w.l(strstr.o)
    0x10006254   0x080007e8   0x0000000e   Code   RO         4420    .text               mc_w.l(strlen.o)
    0x10006262   0x080007f6   0x0000001e   Code   RO         4422    .text               mc_w.l(strncmp.o)
    0x10006280   0x08000814   0x0000001e   Code   RO         4735    .text               mc_w.l(llshl.o)
    0x1000629e   0x08000832   0x00000020   Code   RO         4737    .text               mc_w.l(llushr.o)
    0x100062be   0x08000852   0x0000000a   Ven    RO         4772    Veneer$$Code        anon$$obj.o
    0x100062c8   0x0800085c   0x0000000a   Ven    RO         4773    Veneer$$Code        anon$$obj.o
    0x100062d2   0x08000866   0x00000002   Code   RO          319    i.ADTIM0_IRQHandler  tx_phe_irq.o
    0x100062d4   0x08000868   0x00000002   Code   RO          320    i.ARCTAN0_IRQHandler  tx_phe_irq.o
    0x100062d6   0x0800086a   0x00000002   Code   RO          321    i.ARCTAN1_IRQHandler  tx_phe_irq.o
    0x100062d8   0x0800086c   0x00000002   Code   RO          322    i.ARCTAN2_IRQHandler  tx_phe_irq.o
    0x100062da   0x0800086e   0x00000008   Code   RO          323    i.BusFault_Handler  tx_phe_irq.o
    0x100062e2   0x08000876   0x00000002   Code   RO          324    i.CAN_IRQHandler    tx_phe_irq.o
    0x100062e4   0x08000878   0x00000002   Code   RO          325    i.CRC_IRQHandler    tx_phe_irq.o
    0x100062e6   0x0800087a   0x00000002   PAD
    0x100062e8   0x0800087c   0x00000040   Code   RO            5    i.Control_SG90      main.o
    0x10006328   0x080008bc   0x00000002   Code   RO          326    i.DATADMA_IRQHandler  tx_phe_irq.o
    0x1000632a   0x080008be   0x00000002   Code   RO          327    i.DFTRANS0_IRQHandler  tx_phe_irq.o
    0x1000632c   0x080008c0   0x00000002   Code   RO          328    i.DFTRANS1_IRQHandler  tx_phe_irq.o
    0x1000632e   0x080008c2   0x00000002   Code   RO          329    i.DFTRANS2_IRQHandler  tx_phe_irq.o
    0x10006330   0x080008c4   0x00000002   Code   RO          330    i.DMA0_IRQHandler   tx_phe_irq.o
    0x10006332   0x080008c6   0x00000002   Code   RO          331    i.DebugMon_Handler  tx_phe_irq.o
    0x10006334   0x080008c8   0x0000000c   Code   RO         1261    i.Drv_WIFI_Init     drv_wifi.o
    0x10006340   0x080008d4   0x0000005e   Code   RO         1262    i.Drv_WIFI_SendCmdAndWaitRequest  drv_wifi.o
    0x1000639e   0x08000932   0x00000002   Code   RO          332    i.EPWM_IRQHandler   tx_phe_irq.o
    0x100063a0   0x08000934   0x00000002   Code   RO          333    i.EVSYS_IRQHandler  tx_phe_irq.o
    0x100063a2   0x08000936   0x00000002   PAD
    0x100063a4   0x08000938   0x00000060   Code   RO          334    i.FADC_IRQHandler   tx_phe_irq.o
    0x10006404   0x08000998   0x00000002   Code   RO          335    i.FFT0_IRQHandler   tx_phe_irq.o
    0x10006406   0x0800099a   0x00000002   Code   RO          336    i.FFT0_PREPROCESS_IRQHandler  tx_phe_irq.o
    0x10006408   0x0800099c   0x00000002   Code   RO          337    i.FFT1_IRQHandler   tx_phe_irq.o
    0x1000640a   0x0800099e   0x00000002   Code   RO          338    i.FFT1_PREPROCESS_IRQHandler  tx_phe_irq.o
    0x1000640c   0x080009a0   0x00000002   Code   RO          339    i.FFT2_IRQHandler   tx_phe_irq.o
    0x1000640e   0x080009a2   0x00000002   Code   RO          340    i.FFT2_PREPROCESS_IRQHandler  tx_phe_irq.o
    0x10006410   0x080009a4   0x00000002   Code   RO          341    i.FIR0_IRQHandler   tx_phe_irq.o
    0x10006412   0x080009a6   0x00000002   Code   RO          342    i.FIR1_IRQHandler   tx_phe_irq.o
    0x10006414   0x080009a8   0x00000002   Code   RO          343    i.FIR2_IRQHandler   tx_phe_irq.o
    0x10006416   0x080009aa   0x00000002   Code   RO          344    i.GMAC_IRQHandler   tx_phe_irq.o
    0x10006418   0x080009ac   0x00000002   Code   RO          345    i.GPIOA_IRQHandler  tx_phe_irq.o
    0x1000641a   0x080009ae   0x00000002   Code   RO          346    i.GPIOB_IRQHandler  tx_phe_irq.o
    0x1000641c   0x080009b0   0x00000002   Code   RO          347    i.GPIOC_IRQHandler  tx_phe_irq.o
    0x1000641e   0x080009b2   0x00000002   Code   RO          348    i.GPIOD_IRQHandler  tx_phe_irq.o
    0x10006420   0x080009b4   0x00000108   Code   RO         1020    i.GUI_DrawFont16    drv_gui.o
    0x10006528   0x08000abc   0x00000002   Code   RO          349    i.HCC_IRQHandler    tx_phe_irq.o
    0x1000652a   0x08000abe   0x0000000c   Code   RO         1308    i.HW_LCD_Init       hw_lcd.o
    0x10006536   0x08000aca   0x00000002   PAD
    0x10006538   0x08000acc   0x00000024   Code   RO         1309    i.HW_LCD_Reset      hw_lcd.o
    0x1000655c   0x08000af0   0x00000028   Code   RO         1310    i.HW_LCD_SendData   hw_lcd.o
    0x10006584   0x08000b18   0x00000040   Code   RO         1311    i.HW_LCD_SendData16Bit  hw_lcd.o
    0x100065c4   0x08000b58   0x00000028   Code   RO         1312    i.HW_LCD_SendReg    hw_lcd.o
    0x100065ec   0x08000b80   0x0000001c   Code   RO         1498    i.HW_WIFI_Clear     hw_wifi.o
    0x10006608   0x08000b9c   0x00000008   Code   RO         1499    i.HW_WIFI_GetRxDataPtr  hw_wifi.o
    0x10006610   0x08000ba4   0x0000000c   Code   RO         1500    i.HW_WIFI_GetRxLen  hw_wifi.o
    0x1000661c   0x08000bb0   0x000000dc   Code   RO         1501    i.HW_WIFI_Init      hw_wifi.o
    0x100066f8   0x08000c8c   0x00000028   Code   RO         1502    i.HW_WIFI_Reset     hw_wifi.o
    0x10006720   0x08000cb4   0x00000028   Code   RO         1503    i.HW_WIFI_SendData  hw_wifi.o
    0x10006748   0x08000cdc   0x00000008   Code   RO          350    i.HardFault_Handler  tx_phe_irq.o
    0x10006750   0x08000ce4   0x00000002   Code   RO          351    i.IIC0_IRQHandler   tx_phe_irq.o
    0x10006752   0x08000ce6   0x00000002   Code   RO          352    i.IIC1_IRQHandler   tx_phe_irq.o
    0x10006754   0x08000ce8   0x00000002   Code   RO          353    i.IIR0_IRQHandler   tx_phe_irq.o
    0x10006756   0x08000cea   0x00000002   Code   RO          354    i.IIR1_IRQHandler   tx_phe_irq.o
    0x10006758   0x08000cec   0x00000002   Code   RO          355    i.IIR2_IRQHandler   tx_phe_irq.o
    0x1000675a   0x08000cee   0x00000002   PAD
    0x1000675c   0x08000cf0   0x00000044   Code   RO         1137    i.LCD_Clear         drv_lcd.o
    0x100067a0   0x08000d34   0x0000001c   Code   RO         1138    i.LCD_DrawPoint     drv_lcd.o
    0x100067bc   0x08000d50   0x00000030   Code   RO         1314    i.LCD_IO_Init       hw_lcd.o
    0x100067ec   0x08000d80   0x00000234   Code   RO         1139    i.LCD_Init          drv_lcd.o
    0x10006a20   0x08000fb4   0x00000008   Code   RO         1140    i.LCD_RESET         drv_lcd.o
    0x10006a28   0x08000fbc   0x00000044   Code   RO         1315    i.LCD_SPI_Init      hw_lcd.o
    0x10006a6c   0x08001000   0x00000060   Code   RO         1316    i.LCD_SPI_Write     hw_lcd.o
    0x10006acc   0x08001060   0x00000014   Code   RO         1141    i.LCD_SetCursor     drv_lcd.o
    0x10006ae0   0x08001074   0x00000058   Code   RO         1142    i.LCD_SetWindows    drv_lcd.o
    0x10006b38   0x080010cc   0x00000124   Code   RO         1028    i.LCD_ShowChar      drv_gui.o
    0x10006c5c   0x080011f0   0x000000b0   Code   RO         1029    i.LCD_ShowNum       drv_gui.o
    0x10006d0c   0x080012a0   0x00000068   Code   RO         1030    i.LCD_ShowString    drv_gui.o
    0x10006d74   0x08001308   0x0000000c   Code   RO         1143    i.LCD_WR_DATA       drv_lcd.o
    0x10006d80   0x08001314   0x0000000c   Code   RO         1144    i.LCD_WR_REG        drv_lcd.o
    0x10006d8c   0x08001320   0x00000010   Code   RO         1145    i.LCD_WriteRAM_Prepare  drv_lcd.o
    0x10006d9c   0x08001330   0x00000014   Code   RO         1146    i.LCD_WriteReg      drv_lcd.o
    0x10006db0   0x08001344   0x00000084   Code   RO         1147    i.LCD_direction     drv_lcd.o
    0x10006e34   0x080013c8   0x00000008   Code   RO          356    i.LVD_IRQHandler    tx_phe_irq.o
    0x10006e3c   0x080013d0   0x0000000c   Code   RO         1148    i.Lcd_WriteData_16Bit  drv_lcd.o
    0x10006e48   0x080013dc   0x00000002   Code   RO          357    i.MATRIX_MULT_IRQHandler  tx_phe_irq.o
    0x10006e4a   0x080013de   0x00000008   Code   RO          358    i.MemManage_Handler  tx_phe_irq.o
    0x10006e52   0x080013e6   0x00000008   Code   RO          359    i.NMI_Handler       tx_phe_irq.o
    0x10006e5a   0x080013ee   0x00000002   Code   RO          360    i.PendSV_Handler    tx_phe_irq.o
    0x10006e5c   0x080013f0   0x00000002   Code   RO          361    i.QEI_IRQHandler    tx_phe_irq.o
    0x10006e5e   0x080013f2   0x00000002   Code   RO          362    i.RMS0_IRQHandler   tx_phe_irq.o
    0x10006e60   0x080013f4   0x00000002   Code   RO          363    i.RMS1_IRQHandler   tx_phe_irq.o
    0x10006e62   0x080013f6   0x00000002   Code   RO          364    i.RMS2_IRQHandler   tx_phe_irq.o
    0x10006e64   0x080013f8   0x00000002   Code   RO          365    i.SARADC_IRQHandler  tx_phe_irq.o
    0x10006e66   0x080013fa   0x00000002   Code   RO          366    i.SINCOS0_IRQHandler  tx_phe_irq.o
    0x10006e68   0x080013fc   0x00000002   Code   RO          367    i.SINCOS1_IRQHandler  tx_phe_irq.o
    0x10006e6a   0x080013fe   0x00000002   Code   RO          368    i.SPI0_IRQHandler   tx_phe_irq.o
    0x10006e6c   0x08001400   0x00000002   Code   RO          369    i.SPI1_IRQHandler   tx_phe_irq.o
    0x10006e6e   0x08001402   0x00000002   Code   RO          370    i.SPWM_IRQHandler   tx_phe_irq.o
    0x10006e70   0x08001404   0x00000002   Code   RO          371    i.SVC_Handler       tx_phe_irq.o
    0x10006e72   0x08001406   0x00000002   Code   RO          372    i.SVPWM_IRQHandler  tx_phe_irq.o
    0x10006e74   0x08001408   0x00000010   Code   RO          373    i.SysTick_Handler   tx_phe_irq.o
    0x10006e84   0x08001418   0x00000002   Code   RO          374    i.TIM0_IRQHandler   tx_phe_irq.o
    0x10006e86   0x0800141a   0x00000002   Code   RO          375    i.TIM1_IRQHandler   tx_phe_irq.o
    0x10006e88   0x0800141c   0x00000002   Code   RO          376    i.TIM2_IRQHandler   tx_phe_irq.o
    0x10006e8a   0x0800141e   0x00000002   Code   RO          377    i.TIM3_IRQHandler   tx_phe_irq.o
    0x10006e8c   0x08001420   0x00000002   Code   RO          378    i.TIM4_IRQHandler   tx_phe_irq.o
    0x10006e8e   0x08001422   0x00000002   Code   RO          379    i.TIM5_IRQHandler   tx_phe_irq.o
    0x10006e90   0x08001424   0x00000002   Code   RO          380    i.TIM6_IRQHandler   tx_phe_irq.o
    0x10006e92   0x08001426   0x00000002   Code   RO          381    i.TIM7_IRQHandler   tx_phe_irq.o
    0x10006e94   0x08001428   0x00000002   Code   RO          382    i.USART0_IRQHandler  tx_phe_irq.o
    0x10006e96   0x0800142a   0x00000002   Code   RO          383    i.USART1_IRQHandler  tx_phe_irq.o
    0x10006e98   0x0800142c   0x00000128   Code   RO          384    i.USART2_IRQHandler  tx_phe_irq.o
    0x10006fc0   0x08001554   0x00000008   Code   RO          385    i.UsageFault_Handler  tx_phe_irq.o
    0x10006fc8   0x0800155c   0x00000002   Code   RO          386    i.WAKEUP_IRQHandler  tx_phe_irq.o
    0x10006fca   0x0800155e   0x00000002   PAD
    0x10006fcc   0x08001560   0x0000001c   Code   RO          387    i.WDT_IRQHandler    tx_phe_irq.o
    0x10006fe8   0x0800157c   0x00000006   Code   RO         1701    i.__get_PRIMASK     tx_phe_ll_cc_rst.o
    0x10006fee   0x08001582   0x00000006   Code   RO         2009    i.__get_PRIMASK     tx_phe_ll_eflash.o
    0x10006ff4   0x08001588   0x000001e4   Code   RO            6    i.caijishuju        main.o
    0x100071d8   0x0800176c   0x00000038   Code   RO            7    i.clk_config        main.o
    0x10007210   0x080017a4   0x00000068   Code   RO         1264    i.cmdAnalyse        drv_wifi.o
    0x10007278   0x0800180c   0x0000003c   Code   RO         3993    i.debug_select_interface  tx_phe_debug.o
    0x100072b4   0x08001848   0x0000001e   Code   RO          963    i.delay_10ms        dht11.o
    0x100072d2   0x08001866   0x0000000e   Code   RO          964    i.delay_10us        dht11.o
    0x100072e0   0x08001874   0x00000044   Code   RO         4100    i.delay_ms          tx_phe_system.o
    0x10007324   0x080018b8   0x00000048   Code   RO         4101    i.delay_us          tx_phe_system.o
    0x1000736c   0x08001900   0x00000088   Code   RO          965    i.dht11_init        dht11.o
    0x100073f4   0x08001988   0x000000d4   Code   RO          966    i.dht11_read        dht11.o
    0x100074c8   0x08001a5c   0x00000044   Code   RO            8    i.dianjifan         main.o
    0x1000750c   0x08001aa0   0x00000044   Code   RO            9    i.dianjizheng       main.o
    0x10007550   0x08001ae4   0x000004d8   Code   RO         4102    i.dump_fault_state  tx_phe_system.o
    0x10007a28   0x08001fbc   0x00000038   Code   RO          770    i.fadc_config       user.o
    0x10007a60   0x08001ff4   0x0000001c   Code   RO          773    i.fadc_init         user.o
    0x10007a7c   0x08002010   0x0000001c   Code   RO          774    i.fadc_start        user.o
    0x10007a98   0x0800202c   0x0000006c   Code   RO         3995    i.fputc             tx_phe_debug.o
    0x10007b04   0x08002098   0x00000400   Code   RO           11    i.lcd_show_shuju    main.o
    0x10007f04   0x08002498   0x000000c4   Code   RO           12    i.led22             main.o
    0x10007fc8   0x0800255c   0x000000e4   Code   RO           13    i.ledkeyinit        main.o
    0x100080ac   0x08002640   0x00000264   Code   RO         1703    i.ll_cc_adcpll_set  tx_phe_ll_cc_rst.o
    0x10008310   0x080028a4   0x0000009c   Code   RO         1704    i.ll_cc_clk_div_config  tx_phe_ll_cc_rst.o
    0x100083ac   0x08002940   0x0000007c   Code   RO         2011    i.ll_cc_rst_apb2_peripheral_clk_enable  tx_phe_ll_eflash.o
    0x10008428   0x080029bc   0x00000020   Code   RO         1705    i.ll_cc_rst_delay5ms_32khz  tx_phe_ll_cc_rst.o
    0x10008448   0x080029dc   0x00000098   Code   RO         1706    i.ll_cc_sys_clk_get  tx_phe_ll_cc_rst.o
    0x100084e0   0x08002a74   0x00000034   Code   RO         1707    i.ll_cc_sysclk_select  tx_phe_ll_cc_rst.o
    0x10008514   0x08002aa8   0x000002ec   Code   RO         1708    i.ll_cc_syspll_set  tx_phe_ll_cc_rst.o
    0x10008800   0x08002d94   0x000000c4   Code   RO         2012    i.ll_eflash_config  tx_phe_ll_eflash.o
    0x100088c4   0x08002e58   0x000000a4   Code   RO         2017    i.ll_eflash_init    tx_phe_ll_eflash.o
    0x10008968   0x08002efc   0x00000074   Code   RO         2224    i.ll_fadc_analog_init  tx_phe_ll_fadc.o
    0x100089dc   0x08002f70   0x00000044   Code   RO         2225    i.ll_fadc_clk_init  tx_phe_ll_fadc.o
    0x10008a20   0x08002fb4   0x00000214   Code   RO         2226    i.ll_fadc_config    tx_phe_ll_fadc.o
    0x10008c34   0x080031c8   0x00000324   Code   RO         2228    i.ll_fadc_init      tx_phe_ll_fadc.o
    0x10008f58   0x080034ec   0x0000003c   Code   RO         2231    i.ll_fadc_rd_sfr    tx_phe_ll_fadc.o
    0x10008f94   0x08003528   0x000000c0   Code   RO         2233    i.ll_fadc_set_dc_offset  tx_phe_ll_fadc.o
    0x10009054   0x080035e8   0x000000b4   Code   RO         2235    i.ll_fadc_set_quantify  tx_phe_ll_fadc.o
    0x10009108   0x0800369c   0x0000006c   Code   RO         2237    i.ll_fadc_start     tx_phe_ll_fadc.o
    0x10009174   0x08003708   0x00000028   Code   RO         2243    i.ll_fadc_wr_sfr    tx_phe_ll_fadc.o
    0x1000919c   0x08003730   0x00000006   Code   RO           14    i.ll_gpio_bit_reset  main.o
    0x100091a2   0x08003736   0x00000006   Code   RO         1317    i.ll_gpio_bit_reset  hw_lcd.o
    0x100091a8   0x0800373c   0x00000006   Code   RO           15    i.ll_gpio_bit_set   main.o
    0x100091ae   0x08003742   0x00000006   Code   RO          967    i.ll_gpio_bit_set   dht11.o
    0x100091b4   0x08003748   0x00000006   Code   RO         1318    i.ll_gpio_bit_set   hw_lcd.o
    0x100091ba   0x0800374e   0x00000002   PAD
    0x100091bc   0x08003750   0x00000088   Code   RO         2492    i.ll_gpio_dir       tx_phe_ll_gpio.o
    0x10009244   0x080037d8   0x00000008   Code   RO           16    i.ll_gpio_interrupt_enable  main.o
    0x1000924c   0x080037e0   0x000000b8   Code   RO         2493    i.ll_gpio_pull      tx_phe_ll_gpio.o
    0x10009304   0x08003898   0x00000012   Code   RO           17    i.ll_gpio_read_data_bit  main.o
    0x10009316   0x080038aa   0x00000012   Code   RO          968    i.ll_gpio_read_data_bit  dht11.o
    0x10009328   0x080038bc   0x000000ac   Code   RO         3145    i.ll_spi_init       tx_phe_ll_spi.o
    0x100093d4   0x08003968   0x00000178   Code   RO         3146    i.ll_spi_io_map     tx_phe_ll_spi.o
    0x1000954c   0x08003ae0   0x000000d8   Code   RO         3373    i.ll_usart232_config  tx_phe_ll_usart.o
    0x10009624   0x08003bb8   0x00000118   Code   RO         3374    i.ll_usart232_io_map  tx_phe_ll_usart.o
    0x1000973c   0x08003cd0   0x00000068   Code   RO         3378    i.ll_usart_init     tx_phe_ll_usart.o
    0x100097a4   0x08003d38   0x00000046   Code   RO         3379    i.ll_usart_irq_config  tx_phe_ll_usart.o
    0x100097ea   0x08003d7e   0x00000002   PAD
    0x100097ec   0x08003d80   0x00000474   Code   RO           18    i.main              main.o
    0x10009c60   0x080041f4   0x00000016   Code   RO         1033    i.mypow             drv_gui.o
    0x10009c76   0x0800420a   0x00000008   Code   RO         4106    i.recover_fault_state  tx_phe_system.o
    0x10009c7e   0x08004212   0x00000002   PAD
    0x10009c80   0x08004214   0x00000060   Code   RO         4107    i.sys_cpu_init      tx_phe_system.o
    0x10009ce0   0x08004274   0x00000044   Code   RO         4108    i.sys_eflash_config  tx_phe_system.o
    0x10009d24   0x080042b8   0x00000014   Code   RO         4109    i.sys_eflash_init   tx_phe_system.o
    0x10009d38   0x080042cc   0x00000002   Code   RO         4110    i.sys_fault_recover_context  tx_phe_system.o
    0x10009d3a   0x080042ce   0x00000002   Code   RO         4111    i.sys_fault_save_context  tx_phe_system.o
    0x10009d3c   0x080042d0   0x0000004c   Code   RO         4112    i.sys_module_init   tx_phe_system.o
    0x10009d88   0x0800431c   0x0000000c   Code   RO         4113    i.sys_peripheral_init  tx_phe_system.o
    0x10009d94   0x08004328   0x00000028   Code   RO         4117    i.system_critical_section_enter  tx_phe_system.o
    0x10009dbc   0x08004350   0x00000028   Code   RO         4118    i.system_critical_section_exit  tx_phe_system.o
    0x10009de4   0x08004378   0x00000068   Code   RO         4119    i.system_init       tx_phe_system.o
    0x10009e4c   0x080043e0   0x00000718   Code   RO           19    i.system_stare_init  main.o
    0x1000a564   0x08004af8   0x000001c0   Code   RO         3961    i.tx_assert_address  tx_phe_assert.o
    0x1000a724   0x08004cb8   0x00000044   Code   RO         3962    i.tx_assert_false   tx_phe_assert.o
    0x1000a768   0x08004cfc   0x00000054   Code   RO          783    i.usart_config      user.o
    0x1000a7bc   0x08004d50   0x00000014   Code   RO          785    i.usart_init        user.o
    0x1000a7d0   0x08004d64   0x000012e4   Data   RO         1034    .constdata          drv_gui.o
    0x1000bab4   0x08006048   0x00000010   Data   RO         1710    .constdata          tx_phe_ll_cc_rst.o
    0x1000bac4   0x08006058   0x00000018   Data   RO         2244    .constdata          tx_phe_ll_fadc.o
    0x1000badc   0x08006070   0x000000e4   Data   RO         3963    .constdata          tx_phe_assert.o
    0x1000bbc0   0x08006154   0x0000049a   Data   RO           21    .conststring        main.o
    0x1000c05a   0x080065ee   0x00000002   PAD
    0x1000c05c   0x080065f0   0x00000019   Data   RO         1265    .conststring        drv_wifi.o


    Execution Region RW_SRAM0 (Exec base: 0x20000000, Load base: 0x0800660c, Size: 0x0000039c, Max: 0x00006000, ABSOLUTE)

    Exec Addr    Load Addr    Size         Type   Attr      Idx    E Section Name        Object

    0x20000000   0x0800660c   0x00000030   Data   RW           22    .data               main.o
    0x20000030   0x0800663c   0x00000001   Data   RW          388    .data               tx_phe_irq.o
    0x20000031   0x0800663d   0x00000001   PAD
    0x20000032   0x0800663e   0x00000006   Data   RW         1150    .data               drv_lcd.o
    0x20000038   0x08006644   0x00000008   Data   RW         1266    .data               drv_wifi.o
    0x20000040   0x0800664c   0x00000002   Data   RW         1505    .data               hw_wifi.o
    0x20000042   0x0800664e   0x00000002   PAD
    0x20000044   0x08006650   0x00000014   Data   RW         3997    .data               tx_phe_debug.o
    0x20000058   0x08006664   0x0000001c   Data   RW         4121    .data               tx_phe_system.o
    0x20000074        -       0x000001fe   Zero   RW           20    .bss                main.o
    0x20000272   0x08006680   0x00000002   PAD
    0x20000274        -       0x00000018   Zero   RW          786    .bss                user.o
    0x2000028c        -       0x0000000e   Zero   RW         1149    .bss                drv_lcd.o
    0x2000029a        -       0x00000100   Zero   RW         1504    .bss                hw_wifi.o


    Execution Region ARM_LIB_STACK (Exec base: 0x2000e000, Load base: 0x0800660c, Size: 0x00000400, Max: 0x00000400, ABSOLUTE)

    Exec Addr    Load Addr    Size         Type   Attr      Idx    E Section Name        Object

    0x2000e000        -       0x00000400   Zero   RW            1    ARM_LIB_STACK.bss   anon$$obj.o


    Execution Region RW_SRAM10 (Exec base: 0x2000e400, Load base: 0x0800660c, Size: 0x00000000, Max: 0x00001c00, ABSOLUTE)

    **** No section assigned to this execution region ****


    Execution Region RW_SRAM1 (Exec base: 0x20010000, Load base: 0x08006680, Size: 0x00000000, Max: 0x00002000, ABSOLUTE)

    **** No section assigned to this execution region ****


    Execution Region RW_SRAM2 (Exec base: 0x20012000, Load base: 0x08006680, Size: 0x00000000, Max: 0x00002000, ABSOLUTE)

    **** No section assigned to this execution region ****


    Execution Region RW_SRAM3 (Exec base: 0x20014000, Load base: 0x08006680, Size: 0x00000000, Max: 0x00002000, ABSOLUTE)

    **** No section assigned to this execution region ****


    Execution Region RW_SRAM4_5 (Exec base: 0x20016000, Load base: 0x08006680, Size: 0x00000000, Max: 0x00001000, ABSOLUTE)

    **** No section assigned to this execution region ****


    Execution Region RW_SRAM6_7 (Exec base: 0x20017000, Load base: 0x08006680, Size: 0x00000000, Max: 0x00001000, ABSOLUTE)

    **** No section assigned to this execution region ****


    Execution Region RW_SRAM8_9 (Exec base: 0x20018000, Load base: 0x08006680, Size: 0x00000000, Max: 0x00001000, ABSOLUTE)

    **** No section assigned to this execution region ****


    Execution Region RW_SRAM11 (Exec base: 0x20019000, Load base: 0x08006680, Size: 0x00000000, Max: 0x00000800, ABSOLUTE)

    **** No section assigned to this execution region ****


    Execution Region RW_SRAM12_13 (Exec base: 0x20019800, Load base: 0x08006680, Size: 0x00000000, Max: 0x00001000, ABSOLUTE)

    **** No section assigned to this execution region ****


    Execution Region RW_SRAM14 (Exec base: 0x2001a800, Load base: 0x08006680, Size: 0x00000000, Max: 0x00000800, ABSOLUTE)

    **** No section assigned to this execution region ****


    Execution Region RW_SRAM15 (Exec base: 0x2001b000, Load base: 0x08006680, Size: 0x00000000, Max: 0x00000800, ABSOLUTE)

    **** No section assigned to this execution region ****


    Execution Region RW_SRAM16 (Exec base: 0x2001b800, Load base: 0x08006680, Size: 0x00000000, Max: 0x00000800, ABSOLUTE)

    **** No section assigned to this execution region ****



  Load Region LR$$.ARM.__AT_0x40000000 (Base: 0x40000000, Size: 0x00000000, Max: 0x000000e0, ABSOLUTE)

    Execution Region ER$$.ARM.__AT_0x40000000 (Exec base: 0x40000000, Load base: 0x40000000, Size: 0x000000e0, Max: 0x000000e0, ABSOLUTE, UNINIT)

    Exec Addr    Load Addr    Size         Type   Attr      Idx    E Section Name        Object

    0x40000000        -       0x000000e0   Zero   RW         4323    .ARM.__AT_0x40000000  txf6200.o



  Load Region LR$$.ARM.__AT_0x40001000 (Base: 0x40001000, Size: 0x00000000, Max: 0x000000e0, ABSOLUTE)

    Execution Region ER$$.ARM.__AT_0x40001000 (Exec base: 0x40001000, Load base: 0x40001000, Size: 0x000000e0, Max: 0x000000e0, ABSOLUTE, UNINIT)

    Exec Addr    Load Addr    Size         Type   Attr      Idx    E Section Name        Object

    0x40001000        -       0x000000e0   Zero   RW         4324    .ARM.__AT_0x40001000  txf6200.o



  Load Region LR$$.ARM.__AT_0x40003000 (Base: 0x40003000, Size: 0x00000000, Max: 0x000000d0, ABSOLUTE)

    Execution Region ER$$.ARM.__AT_0x40003000 (Exec base: 0x40003000, Load base: 0x40003000, Size: 0x000000d0, Max: 0x000000d0, ABSOLUTE, UNINIT)

    Exec Addr    Load Addr    Size         Type   Attr      Idx    E Section Name        Object

    0x40003000        -       0x000000d0   Zero   RW         4325    .ARM.__AT_0x40003000  txf6200.o



  Load Region LR$$.ARM.__AT_0x40004000 (Base: 0x40004000, Size: 0x00000000, Max: 0x000000d0, ABSOLUTE)

    Execution Region ER$$.ARM.__AT_0x40004000 (Exec base: 0x40004000, Load base: 0x40004000, Size: 0x000000d0, Max: 0x000000d0, ABSOLUTE, UNINIT)

    Exec Addr    Load Addr    Size         Type   Attr      Idx    E Section Name        Object

    0x40004000        -       0x000000d0   Zero   RW         4326    .ARM.__AT_0x40004000  txf6200.o



  Load Region LR$$.ARM.__AT_0x40005000 (Base: 0x40005000, Size: 0x00000000, Max: 0x000000d0, ABSOLUTE)

    Execution Region ER$$.ARM.__AT_0x40005000 (Exec base: 0x40005000, Load base: 0x40005000, Size: 0x000000d0, Max: 0x000000d0, ABSOLUTE, UNINIT)

    Exec Addr    Load Addr    Size         Type   Attr      Idx    E Section Name        Object

    0x40005000        -       0x000000d0   Zero   RW         4327    .ARM.__AT_0x40005000  txf6200.o



  Load Region LR$$.ARM.__AT_0x40006000 (Base: 0x40006000, Size: 0x00000000, Max: 0x0000002c, ABSOLUTE)

    Execution Region ER$$.ARM.__AT_0x40006000 (Exec base: 0x40006000, Load base: 0x40006000, Size: 0x0000002c, Max: 0x0000002c, ABSOLUTE, UNINIT)

    Exec Addr    Load Addr    Size         Type   Attr      Idx    E Section Name        Object

    0x40006000        -       0x0000002c   Zero   RW         4328    .ARM.__AT_0x40006000  txf6200.o



  Load Region LR$$.ARM.__AT_0x40007000 (Base: 0x40007000, Size: 0x00000000, Max: 0x0000002c, ABSOLUTE)

    Execution Region ER$$.ARM.__AT_0x40007000 (Exec base: 0x40007000, Load base: 0x40007000, Size: 0x0000002c, Max: 0x0000002c, ABSOLUTE, UNINIT)

    Exec Addr    Load Addr    Size         Type   Attr      Idx    E Section Name        Object

    0x40007000        -       0x0000002c   Zero   RW         4329    .ARM.__AT_0x40007000  txf6200.o



  Load Region LR$$.ARM.__AT_0x40009000 (Base: 0x40009000, Size: 0x00000000, Max: 0x00000004, ABSOLUTE)

    Execution Region ER$$.ARM.__AT_0x40009000 (Exec base: 0x40009000, Load base: 0x40009000, Size: 0x00000004, Max: 0x00000004, ABSOLUTE, UNINIT)

    Exec Addr    Load Addr    Size         Type   Attr      Idx    E Section Name        Object

    0x40009000        -       0x00000004   Zero   RW         4330    .ARM.__AT_0x40009000  txf6200.o



  Load Region LR$$.ARM.__AT_0x4000A000 (Base: 0x4000a000, Size: 0x00000000, Max: 0x00000068, ABSOLUTE)

    Execution Region ER$$.ARM.__AT_0x4000A000 (Exec base: 0x4000a000, Load base: 0x4000a000, Size: 0x00000068, Max: 0x00000068, ABSOLUTE, UNINIT)

    Exec Addr    Load Addr    Size         Type   Attr      Idx    E Section Name        Object

    0x4000a000        -       0x00000068   Zero   RW         4331    .ARM.__AT_0x4000A000  txf6200.o



  Load Region LR$$.ARM.__AT_0x4000D000 (Base: 0x4000d000, Size: 0x00000000, Max: 0x00000010, ABSOLUTE)

    Execution Region ER$$.ARM.__AT_0x4000D000 (Exec base: 0x4000d000, Load base: 0x4000d000, Size: 0x00000010, Max: 0x00000010, ABSOLUTE, UNINIT)

    Exec Addr    Load Addr    Size         Type   Attr      Idx    E Section Name        Object

    0x4000d000        -       0x00000010   Zero   RW         4332    .ARM.__AT_0x4000D000  txf6200.o



  Load Region LR$$.ARM.__AT_0x4000D010 (Base: 0x4000d010, Size: 0x00000000, Max: 0x00000010, ABSOLUTE)

    Execution Region ER$$.ARM.__AT_0x4000D010 (Exec base: 0x4000d010, Load base: 0x4000d010, Size: 0x00000010, Max: 0x00000010, ABSOLUTE, UNINIT)

    Exec Addr    Load Addr    Size         Type   Attr      Idx    E Section Name        Object

    0x4000d010        -       0x00000010   Zero   RW         4333    .ARM.__AT_0x4000D010  txf6200.o



  Load Region LR$$.ARM.__AT_0x4000D020 (Base: 0x4000d020, Size: 0x00000000, Max: 0x00000010, ABSOLUTE)

    Execution Region ER$$.ARM.__AT_0x4000D020 (Exec base: 0x4000d020, Load base: 0x4000d020, Size: 0x00000010, Max: 0x00000010, ABSOLUTE, UNINIT)

    Exec Addr    Load Addr    Size         Type   Attr      Idx    E Section Name        Object

    0x4000d020        -       0x00000010   Zero   RW         4334    .ARM.__AT_0x4000D020  txf6200.o



  Load Region LR$$.ARM.__AT_0x4000D030 (Base: 0x4000d030, Size: 0x00000000, Max: 0x00000010, ABSOLUTE)

    Execution Region ER$$.ARM.__AT_0x4000D030 (Exec base: 0x4000d030, Load base: 0x4000d030, Size: 0x00000010, Max: 0x00000010, ABSOLUTE, UNINIT)

    Exec Addr    Load Addr    Size         Type   Attr      Idx    E Section Name        Object

    0x4000d030        -       0x00000010   Zero   RW         4335    .ARM.__AT_0x4000D030  txf6200.o



  Load Region LR$$.ARM.__AT_0x40012000 (Base: 0x40012000, Size: 0x00000000, Max: 0x0000003c, ABSOLUTE)

    Execution Region ER$$.ARM.__AT_0x40012000 (Exec base: 0x40012000, Load base: 0x40012000, Size: 0x0000003c, Max: 0x0000003c, ABSOLUTE, UNINIT)

    Exec Addr    Load Addr    Size         Type   Attr      Idx    E Section Name        Object

    0x40012000        -       0x0000003c   Zero   RW         4336    .ARM.__AT_0x40012000  txf6200.o



  Load Region LR$$.ARM.__AT_0x40013000 (Base: 0x40013000, Size: 0x00000000, Max: 0x00000100, ABSOLUTE)

    Execution Region ER$$.ARM.__AT_0x40013000 (Exec base: 0x40013000, Load base: 0x40013000, Size: 0x00000100, Max: 0x00000100, ABSOLUTE, UNINIT)

    Exec Addr    Load Addr    Size         Type   Attr      Idx    E Section Name        Object

    0x40013000        -       0x00000100   Zero   RW         4337    .ARM.__AT_0x40013000  txf6200.o



  Load Region LR$$.ARM.__AT_0x40014000 (Base: 0x40014000, Size: 0x00000000, Max: 0x00000008, ABSOLUTE)

    Execution Region ER$$.ARM.__AT_0x40014000 (Exec base: 0x40014000, Load base: 0x40014000, Size: 0x00000008, Max: 0x00000008, ABSOLUTE, UNINIT)

    Exec Addr    Load Addr    Size         Type   Attr      Idx    E Section Name        Object

    0x40014000        -       0x00000008   Zero   RW         4338    .ARM.__AT_0x40014000  txf6200.o



  Load Region LR$$.ARM.__AT_0x40015000 (Base: 0x40015000, Size: 0x00000000, Max: 0x00000010, ABSOLUTE)

    Execution Region ER$$.ARM.__AT_0x40015000 (Exec base: 0x40015000, Load base: 0x40015000, Size: 0x00000010, Max: 0x00000010, ABSOLUTE, UNINIT)

    Exec Addr    Load Addr    Size         Type   Attr      Idx    E Section Name        Object

    0x40015000        -       0x00000010   Zero   RW         4339    .ARM.__AT_0x40015000  txf6200.o



  Load Region LR$$.ARM.__AT_0x40015010 (Base: 0x40015010, Size: 0x00000000, Max: 0x00000010, ABSOLUTE)

    Execution Region ER$$.ARM.__AT_0x40015010 (Exec base: 0x40015010, Load base: 0x40015010, Size: 0x00000010, Max: 0x00000010, ABSOLUTE, UNINIT)

    Exec Addr    Load Addr    Size         Type   Attr      Idx    E Section Name        Object

    0x40015010        -       0x00000010   Zero   RW         4340    .ARM.__AT_0x40015010  txf6200.o



  Load Region LR$$.ARM.__AT_0x40015020 (Base: 0x40015020, Size: 0x00000000, Max: 0x00000010, ABSOLUTE)

    Execution Region ER$$.ARM.__AT_0x40015020 (Exec base: 0x40015020, Load base: 0x40015020, Size: 0x00000010, Max: 0x00000010, ABSOLUTE, UNINIT)

    Exec Addr    Load Addr    Size         Type   Attr      Idx    E Section Name        Object

    0x40015020        -       0x00000010   Zero   RW         4341    .ARM.__AT_0x40015020  txf6200.o



  Load Region LR$$.ARM.__AT_0x40015030 (Base: 0x40015030, Size: 0x00000000, Max: 0x00000010, ABSOLUTE)

    Execution Region ER$$.ARM.__AT_0x40015030 (Exec base: 0x40015030, Load base: 0x40015030, Size: 0x00000010, Max: 0x00000010, ABSOLUTE, UNINIT)

    Exec Addr    Load Addr    Size         Type   Attr      Idx    E Section Name        Object

    0x40015030        -       0x00000010   Zero   RW         4342    .ARM.__AT_0x40015030  txf6200.o



  Load Region LR$$.ARM.__AT_0x40017000 (Base: 0x40017000, Size: 0x00000000, Max: 0x00000028, ABSOLUTE)

    Execution Region ER$$.ARM.__AT_0x40017000 (Exec base: 0x40017000, Load base: 0x40017000, Size: 0x00000028, Max: 0x00000028, ABSOLUTE, UNINIT)

    Exec Addr    Load Addr    Size         Type   Attr      Idx    E Section Name        Object

    0x40017000        -       0x00000028   Zero   RW         4343    .ARM.__AT_0x40017000  txf6200.o



  Load Region LR$$.ARM.__AT_0x4001C000 (Base: 0x4001c000, Size: 0x00000000, Max: 0x00000010, ABSOLUTE)

    Execution Region ER$$.ARM.__AT_0x4001C000 (Exec base: 0x4001c000, Load base: 0x4001c000, Size: 0x00000010, Max: 0x00000010, ABSOLUTE, UNINIT)

    Exec Addr    Load Addr    Size         Type   Attr      Idx    E Section Name        Object

    0x4001c000        -       0x00000010   Zero   RW         4344    .ARM.__AT_0x4001C000  txf6200.o



  Load Region LR$$.ARM.__AT_0x4001D000 (Base: 0x4001d000, Size: 0x00000000, Max: 0x00000010, ABSOLUTE)

    Execution Region ER$$.ARM.__AT_0x4001D000 (Exec base: 0x4001d000, Load base: 0x4001d000, Size: 0x00000010, Max: 0x00000010, ABSOLUTE, UNINIT)

    Exec Addr    Load Addr    Size         Type   Attr      Idx    E Section Name        Object

    0x4001d000        -       0x00000010   Zero   RW         4345    .ARM.__AT_0x4001D000  txf6200.o



  Load Region LR$$.ARM.__AT_0x40020000 (Base: 0x40020000, Size: 0x00000000, Max: 0x000003b8, ABSOLUTE)

    Execution Region ER$$.ARM.__AT_0x40020000 (Exec base: 0x40020000, Load base: 0x40020000, Size: 0x000003b8, Max: 0x000003b8, ABSOLUTE, UNINIT)

    Exec Addr    Load Addr    Size         Type   Attr      Idx    E Section Name        Object

    0x40020000        -       0x000003b8   Zero   RW         4346    .ARM.__AT_0x40020000  txf6200.o



  Load Region LR$$.ARM.__AT_0x40021000 (Base: 0x40021000, Size: 0x00000000, Max: 0x00000060, ABSOLUTE)

    Execution Region ER$$.ARM.__AT_0x40021000 (Exec base: 0x40021000, Load base: 0x40021000, Size: 0x00000060, Max: 0x00000060, ABSOLUTE, UNINIT)

    Exec Addr    Load Addr    Size         Type   Attr      Idx    E Section Name        Object

    0x40021000        -       0x00000060   Zero   RW         4347    .ARM.__AT_0x40021000  txf6200.o



  Load Region LR$$.ARM.__AT_0x40022000 (Base: 0x40022000, Size: 0x00000000, Max: 0x0000003c, ABSOLUTE)

    Execution Region ER$$.ARM.__AT_0x40022000 (Exec base: 0x40022000, Load base: 0x40022000, Size: 0x0000003c, Max: 0x0000003c, ABSOLUTE, UNINIT)

    Exec Addr    Load Addr    Size         Type   Attr      Idx    E Section Name        Object

    0x40022000        -       0x0000003c   Zero   RW         4348    .ARM.__AT_0x40022000  txf6200.o



  Load Region LR$$.ARM.__AT_0x40024000 (Base: 0x40024000, Size: 0x00000000, Max: 0x0000003c, ABSOLUTE)

    Execution Region ER$$.ARM.__AT_0x40024000 (Exec base: 0x40024000, Load base: 0x40024000, Size: 0x0000003c, Max: 0x0000003c, ABSOLUTE, UNINIT)

    Exec Addr    Load Addr    Size         Type   Attr      Idx    E Section Name        Object

    0x40024000        -       0x0000003c   Zero   RW         4349    .ARM.__AT_0x40024000  txf6200.o



  Load Region LR$$.ARM.__AT_0x40025000 (Base: 0x40025000, Size: 0x00000000, Max: 0x0000003c, ABSOLUTE)

    Execution Region ER$$.ARM.__AT_0x40025000 (Exec base: 0x40025000, Load base: 0x40025000, Size: 0x0000003c, Max: 0x0000003c, ABSOLUTE, UNINIT)

    Exec Addr    Load Addr    Size         Type   Attr      Idx    E Section Name        Object

    0x40025000        -       0x0000003c   Zero   RW         4350    .ARM.__AT_0x40025000  txf6200.o



  Load Region LR$$.ARM.__AT_0x40026000 (Base: 0x40026000, Size: 0x00000000, Max: 0x00000084, ABSOLUTE)

    Execution Region ER$$.ARM.__AT_0x40026000 (Exec base: 0x40026000, Load base: 0x40026000, Size: 0x00000084, Max: 0x00000084, ABSOLUTE, UNINIT)

    Exec Addr    Load Addr    Size         Type   Attr      Idx    E Section Name        Object

    0x40026000        -       0x00000084   Zero   RW         4351    .ARM.__AT_0x40026000  txf6200.o



  Load Region LR$$.ARM.__AT_0x40027000 (Base: 0x40027000, Size: 0x00000000, Max: 0x0000003c, ABSOLUTE)

    Execution Region ER$$.ARM.__AT_0x40027000 (Exec base: 0x40027000, Load base: 0x40027000, Size: 0x0000003c, Max: 0x0000003c, ABSOLUTE, UNINIT)

    Exec Addr    Load Addr    Size         Type   Attr      Idx    E Section Name        Object

    0x40027000        -       0x0000003c   Zero   RW         4352    .ARM.__AT_0x40027000  txf6200.o



  Load Region LR$$.ARM.__AT_0x40029000 (Base: 0x40029000, Size: 0x00000000, Max: 0x000000b0, ABSOLUTE)

    Execution Region ER$$.ARM.__AT_0x40029000 (Exec base: 0x40029000, Load base: 0x40029000, Size: 0x000000b0, Max: 0x000000b0, ABSOLUTE, UNINIT)

    Exec Addr    Load Addr    Size         Type   Attr      Idx    E Section Name        Object

    0x40029000        -       0x000000b0   Zero   RW         4353    .ARM.__AT_0x40029000  txf6200.o



  Load Region LR$$.ARM.__AT_0x40030000 (Base: 0x40030000, Size: 0x00000000, Max: 0x00000014, ABSOLUTE)

    Execution Region ER$$.ARM.__AT_0x40030000 (Exec base: 0x40030000, Load base: 0x40030000, Size: 0x00000014, Max: 0x00000014, ABSOLUTE, UNINIT)

    Exec Addr    Load Addr    Size         Type   Attr      Idx    E Section Name        Object

    0x40030000        -       0x00000014   Zero   RW         4354    .ARM.__AT_0x40030000  txf6200.o



  Load Region LR$$.ARM.__AT_0x40031000 (Base: 0x40031000, Size: 0x00000000, Max: 0x0000007c, ABSOLUTE)

    Execution Region ER$$.ARM.__AT_0x40031000 (Exec base: 0x40031000, Load base: 0x40031000, Size: 0x0000007c, Max: 0x0000007c, ABSOLUTE, UNINIT)

    Exec Addr    Load Addr    Size         Type   Attr      Idx    E Section Name        Object

    0x40031000        -       0x0000007c   Zero   RW         4355    .ARM.__AT_0x40031000  txf6200.o



  Load Region LR$$.ARM.__AT_0x40032000 (Base: 0x40032000, Size: 0x00000000, Max: 0x000000e0, ABSOLUTE)

    Execution Region ER$$.ARM.__AT_0x40032000 (Exec base: 0x40032000, Load base: 0x40032000, Size: 0x000000e0, Max: 0x000000e0, ABSOLUTE, UNINIT)

    Exec Addr    Load Addr    Size         Type   Attr      Idx    E Section Name        Object

    0x40032000        -       0x000000e0   Zero   RW         4356    .ARM.__AT_0x40032000  txf6200.o



  Load Region LR$$.ARM.__AT_0x40033000 (Base: 0x40033000, Size: 0x00000000, Max: 0x00000034, ABSOLUTE)

    Execution Region ER$$.ARM.__AT_0x40033000 (Exec base: 0x40033000, Load base: 0x40033000, Size: 0x00000034, Max: 0x00000034, ABSOLUTE, UNINIT)

    Exec Addr    Load Addr    Size         Type   Attr      Idx    E Section Name        Object

    0x40033000        -       0x00000034   Zero   RW         4357    .ARM.__AT_0x40033000  txf6200.o



  Load Region LR$$.ARM.__AT_0x40035000 (Base: 0x40035000, Size: 0x00000000, Max: 0x00000040, ABSOLUTE)

    Execution Region ER$$.ARM.__AT_0x40035000 (Exec base: 0x40035000, Load base: 0x40035000, Size: 0x00000040, Max: 0x00000040, ABSOLUTE, UNINIT)

    Exec Addr    Load Addr    Size         Type   Attr      Idx    E Section Name        Object

    0x40035000        -       0x00000040   Zero   RW         4358    .ARM.__AT_0x40035000  txf6200.o



  Load Region LR$$.ARM.__AT_0x40035040 (Base: 0x40035040, Size: 0x00000000, Max: 0x00000040, ABSOLUTE)

    Execution Region ER$$.ARM.__AT_0x40035040 (Exec base: 0x40035040, Load base: 0x40035040, Size: 0x00000040, Max: 0x00000040, ABSOLUTE, UNINIT)

    Exec Addr    Load Addr    Size         Type   Attr      Idx    E Section Name        Object

    0x40035040        -       0x00000040   Zero   RW         4359    .ARM.__AT_0x40035040  txf6200.o



  Load Region LR$$.ARM.__AT_0x40035080 (Base: 0x40035080, Size: 0x00000000, Max: 0x00000040, ABSOLUTE)

    Execution Region ER$$.ARM.__AT_0x40035080 (Exec base: 0x40035080, Load base: 0x40035080, Size: 0x00000040, Max: 0x00000040, ABSOLUTE, UNINIT)

    Exec Addr    Load Addr    Size         Type   Attr      Idx    E Section Name        Object

    0x40035080        -       0x00000040   Zero   RW         4360    .ARM.__AT_0x40035080  txf6200.o



  Load Region LR$$.ARM.__AT_0x400350C0 (Base: 0x400350c0, Size: 0x00000000, Max: 0x00000040, ABSOLUTE)

    Execution Region ER$$.ARM.__AT_0x400350C0 (Exec base: 0x400350c0, Load base: 0x400350c0, Size: 0x00000040, Max: 0x00000040, ABSOLUTE, UNINIT)

    Exec Addr    Load Addr    Size         Type   Attr      Idx    E Section Name        Object

    0x400350c0        -       0x00000040   Zero   RW         4361    .ARM.__AT_0x400350C0  txf6200.o



  Load Region LR$$.ARM.__AT_0x40035100 (Base: 0x40035100, Size: 0x00000000, Max: 0x00000040, ABSOLUTE)

    Execution Region ER$$.ARM.__AT_0x40035100 (Exec base: 0x40035100, Load base: 0x40035100, Size: 0x00000040, Max: 0x00000040, ABSOLUTE, UNINIT)

    Exec Addr    Load Addr    Size         Type   Attr      Idx    E Section Name        Object

    0x40035100        -       0x00000040   Zero   RW         4362    .ARM.__AT_0x40035100  txf6200.o



  Load Region LR$$.ARM.__AT_0x40035140 (Base: 0x40035140, Size: 0x00000000, Max: 0x00000140, ABSOLUTE)

    Execution Region ER$$.ARM.__AT_0x40035140 (Exec base: 0x40035140, Load base: 0x40035140, Size: 0x00000140, Max: 0x00000140, ABSOLUTE, UNINIT)

    Exec Addr    Load Addr    Size         Type   Attr      Idx    E Section Name        Object

    0x40035140        -       0x00000140   Zero   RW         4363    .ARM.__AT_0x40035140  txf6200.o



  Load Region LR$$.ARM.__AT_0x40035280 (Base: 0x40035280, Size: 0x00000000, Max: 0x00000040, ABSOLUTE)

    Execution Region ER$$.ARM.__AT_0x40035280 (Exec base: 0x40035280, Load base: 0x40035280, Size: 0x00000040, Max: 0x00000040, ABSOLUTE, UNINIT)

    Exec Addr    Load Addr    Size         Type   Attr      Idx    E Section Name        Object

    0x40035280        -       0x00000040   Zero   RW         4364    .ARM.__AT_0x40035280  txf6200.o



  Load Region LR$$.ARM.__AT_0x400352C0 (Base: 0x400352c0, Size: 0x00000000, Max: 0x00000040, ABSOLUTE)

    Execution Region ER$$.ARM.__AT_0x400352C0 (Exec base: 0x400352c0, Load base: 0x400352c0, Size: 0x00000040, Max: 0x00000040, ABSOLUTE, UNINIT)

    Exec Addr    Load Addr    Size         Type   Attr      Idx    E Section Name        Object

    0x400352c0        -       0x00000040   Zero   RW         4365    .ARM.__AT_0x400352C0  txf6200.o



  Load Region LR$$.ARM.__AT_0x40035300 (Base: 0x40035300, Size: 0x00000000, Max: 0x00000040, ABSOLUTE)

    Execution Region ER$$.ARM.__AT_0x40035300 (Exec base: 0x40035300, Load base: 0x40035300, Size: 0x00000040, Max: 0x00000040, ABSOLUTE, UNINIT)

    Exec Addr    Load Addr    Size         Type   Attr      Idx    E Section Name        Object

    0x40035300        -       0x00000040   Zero   RW         4366    .ARM.__AT_0x40035300  txf6200.o



  Load Region LR$$.ARM.__AT_0x40035340 (Base: 0x40035340, Size: 0x00000000, Max: 0x00000040, ABSOLUTE)

    Execution Region ER$$.ARM.__AT_0x40035340 (Exec base: 0x40035340, Load base: 0x40035340, Size: 0x00000040, Max: 0x00000040, ABSOLUTE, UNINIT)

    Exec Addr    Load Addr    Size         Type   Attr      Idx    E Section Name        Object

    0x40035340        -       0x00000040   Zero   RW         4367    .ARM.__AT_0x40035340  txf6200.o



  Load Region LR$$.ARM.__AT_0x40035380 (Base: 0x40035380, Size: 0x00000000, Max: 0x00000040, ABSOLUTE)

    Execution Region ER$$.ARM.__AT_0x40035380 (Exec base: 0x40035380, Load base: 0x40035380, Size: 0x00000040, Max: 0x00000040, ABSOLUTE, UNINIT)

    Exec Addr    Load Addr    Size         Type   Attr      Idx    E Section Name        Object

    0x40035380        -       0x00000040   Zero   RW         4368    .ARM.__AT_0x40035380  txf6200.o



  Load Region LR$$.ARM.__AT_0x400353C0 (Base: 0x400353c0, Size: 0x00000000, Max: 0x00000040, ABSOLUTE)

    Execution Region ER$$.ARM.__AT_0x400353C0 (Exec base: 0x400353c0, Load base: 0x400353c0, Size: 0x00000040, Max: 0x00000040, ABSOLUTE, UNINIT)

    Exec Addr    Load Addr    Size         Type   Attr      Idx    E Section Name        Object

    0x400353c0        -       0x00000040   Zero   RW         4369    .ARM.__AT_0x400353C0  txf6200.o



  Load Region LR$$.ARM.__AT_0x40035400 (Base: 0x40035400, Size: 0x00000000, Max: 0x00000040, ABSOLUTE)

    Execution Region ER$$.ARM.__AT_0x40035400 (Exec base: 0x40035400, Load base: 0x40035400, Size: 0x00000040, Max: 0x00000040, ABSOLUTE, UNINIT)

    Exec Addr    Load Addr    Size         Type   Attr      Idx    E Section Name        Object

    0x40035400        -       0x00000040   Zero   RW         4370    .ARM.__AT_0x40035400  txf6200.o



  Load Region LR$$.ARM.__AT_0x40035440 (Base: 0x40035440, Size: 0x00000000, Max: 0x00000040, ABSOLUTE)

    Execution Region ER$$.ARM.__AT_0x40035440 (Exec base: 0x40035440, Load base: 0x40035440, Size: 0x00000040, Max: 0x00000040, ABSOLUTE, UNINIT)

    Exec Addr    Load Addr    Size         Type   Attr      Idx    E Section Name        Object

    0x40035440        -       0x00000040   Zero   RW         4371    .ARM.__AT_0x40035440  txf6200.o



  Load Region LR$$.ARM.__AT_0x40035480 (Base: 0x40035480, Size: 0x00000000, Max: 0x00000040, ABSOLUTE)

    Execution Region ER$$.ARM.__AT_0x40035480 (Exec base: 0x40035480, Load base: 0x40035480, Size: 0x00000040, Max: 0x00000040, ABSOLUTE, UNINIT)

    Exec Addr    Load Addr    Size         Type   Attr      Idx    E Section Name        Object

    0x40035480        -       0x00000040   Zero   RW         4372    .ARM.__AT_0x40035480  txf6200.o



  Load Region LR$$.ARM.__AT_0x400354C0 (Base: 0x400354c0, Size: 0x00000000, Max: 0x00000040, ABSOLUTE)

    Execution Region ER$$.ARM.__AT_0x400354C0 (Exec base: 0x400354c0, Load base: 0x400354c0, Size: 0x00000040, Max: 0x00000040, ABSOLUTE, UNINIT)

    Exec Addr    Load Addr    Size         Type   Attr      Idx    E Section Name        Object

    0x400354c0        -       0x00000040   Zero   RW         4373    .ARM.__AT_0x400354C0  txf6200.o



  Load Region LR$$.ARM.__AT_0x40035500 (Base: 0x40035500, Size: 0x00000000, Max: 0x00000040, ABSOLUTE)

    Execution Region ER$$.ARM.__AT_0x40035500 (Exec base: 0x40035500, Load base: 0x40035500, Size: 0x00000040, Max: 0x00000040, ABSOLUTE, UNINIT)

    Exec Addr    Load Addr    Size         Type   Attr      Idx    E Section Name        Object

    0x40035500        -       0x00000040   Zero   RW         4374    .ARM.__AT_0x40035500  txf6200.o



  Load Region LR$$.ARM.__AT_0x40036000 (Base: 0x40036000, Size: 0x00000000, Max: 0x00000264, ABSOLUTE)

    Execution Region ER$$.ARM.__AT_0x40036000 (Exec base: 0x40036000, Load base: 0x40036000, Size: 0x00000264, Max: 0x00000264, ABSOLUTE, UNINIT)

    Exec Addr    Load Addr    Size         Type   Attr      Idx    E Section Name        Object

    0x40036000        -       0x00000264   Zero   RW         4375    .ARM.__AT_0x40036000  txf6200.o



  Load Region LR$$.ARM.__AT_0x40036300 (Base: 0x40036300, Size: 0x00000000, Max: 0x00000060, ABSOLUTE)

    Execution Region ER$$.ARM.__AT_0x40036300 (Exec base: 0x40036300, Load base: 0x40036300, Size: 0x00000060, Max: 0x00000060, ABSOLUTE, UNINIT)

    Exec Addr    Load Addr    Size         Type   Attr      Idx    E Section Name        Object

    0x40036300        -       0x00000060   Zero   RW         4376    .ARM.__AT_0x40036300  txf6200.o



  Load Region LR$$.ARM.__AT_0x40036360 (Base: 0x40036360, Size: 0x00000000, Max: 0x00000060, ABSOLUTE)

    Execution Region ER$$.ARM.__AT_0x40036360 (Exec base: 0x40036360, Load base: 0x40036360, Size: 0x00000060, Max: 0x00000060, ABSOLUTE, UNINIT)

    Exec Addr    Load Addr    Size         Type   Attr      Idx    E Section Name        Object

    0x40036360        -       0x00000060   Zero   RW         4377    .ARM.__AT_0x40036360  txf6200.o



  Load Region LR$$.ARM.__AT_0x400363C0 (Base: 0x400363c0, Size: 0x00000000, Max: 0x00000060, ABSOLUTE)

    Execution Region ER$$.ARM.__AT_0x400363C0 (Exec base: 0x400363c0, Load base: 0x400363c0, Size: 0x00000060, Max: 0x00000060, ABSOLUTE, UNINIT)

    Exec Addr    Load Addr    Size         Type   Attr      Idx    E Section Name        Object

    0x400363c0        -       0x00000060   Zero   RW         4378    .ARM.__AT_0x400363C0  txf6200.o



  Load Region LR$$.ARM.__AT_0x40036420 (Base: 0x40036420, Size: 0x00000000, Max: 0x00000030, ABSOLUTE)

    Execution Region ER$$.ARM.__AT_0x40036420 (Exec base: 0x40036420, Load base: 0x40036420, Size: 0x00000030, Max: 0x00000030, ABSOLUTE, UNINIT)

    Exec Addr    Load Addr    Size         Type   Attr      Idx    E Section Name        Object

    0x40036420        -       0x00000030   Zero   RW         4379    .ARM.__AT_0x40036420  txf6200.o



  Load Region LR$$.ARM.__AT_0x40036450 (Base: 0x40036450, Size: 0x00000000, Max: 0x00000030, ABSOLUTE)

    Execution Region ER$$.ARM.__AT_0x40036450 (Exec base: 0x40036450, Load base: 0x40036450, Size: 0x00000030, Max: 0x00000030, ABSOLUTE, UNINIT)

    Exec Addr    Load Addr    Size         Type   Attr      Idx    E Section Name        Object

    0x40036450        -       0x00000030   Zero   RW         4380    .ARM.__AT_0x40036450  txf6200.o



  Load Region LR$$.ARM.__AT_0x40036480 (Base: 0x40036480, Size: 0x00000000, Max: 0x00000030, ABSOLUTE)

    Execution Region ER$$.ARM.__AT_0x40036480 (Exec base: 0x40036480, Load base: 0x40036480, Size: 0x00000030, Max: 0x00000030, ABSOLUTE, UNINIT)

    Exec Addr    Load Addr    Size         Type   Attr      Idx    E Section Name        Object

    0x40036480        -       0x00000030   Zero   RW         4381    .ARM.__AT_0x40036480  txf6200.o



  Load Region LR$$.ARM.__AT_0x40037000 (Base: 0x40037000, Size: 0x00000000, Max: 0x00000140, ABSOLUTE)

    Execution Region ER$$.ARM.__AT_0x40037000 (Exec base: 0x40037000, Load base: 0x40037000, Size: 0x00000140, Max: 0x00000140, ABSOLUTE, UNINIT)

    Exec Addr    Load Addr    Size         Type   Attr      Idx    E Section Name        Object

    0x40037000        -       0x00000140   Zero   RW         4382    .ARM.__AT_0x40037000  txf6200.o



  Load Region LR$$.ARM.__AT_0x40038000 (Base: 0x40038000, Size: 0x00000000, Max: 0x00000258, ABSOLUTE)

    Execution Region ER$$.ARM.__AT_0x40038000 (Exec base: 0x40038000, Load base: 0x40038000, Size: 0x00000258, Max: 0x00000258, ABSOLUTE, UNINIT)

    Exec Addr    Load Addr    Size         Type   Attr      Idx    E Section Name        Object

    0x40038000        -       0x00000258   Zero   RW         4383    .ARM.__AT_0x40038000  txf6200.o


==============================================================================

Image component sizes


      Code (inc. data)   RO Data    RW Data    ZI Data      Debug   Object Name

       416         12          0          0          0       5568   dht11.o
       858         46       4836          0          0       5673   drv_gui.o
       980         20          0          6         14       8846   drv_lcd.o
       210         28         25          8          0       2316   drv_wifi.o
       416         44          0          0          0      11599   hw_lcd.o
       348         50          0          2        256      29587   hw_wifi.o
      5182       1146       1178         48        510      83395   main.o
       516        264        228          0          0       2650   tx_phe_assert.o
       168         32          0         20          0      37996   tx_phe_debug.o
       602         36          0          1          0      56332   tx_phe_irq.o
         0          0          0          0          0       3456   tx_phe_ll_can.o
      1758         94         16          0          0       7098   tx_phe_ll_cc_rst.o
       490        152          0          0          0      14840   tx_phe_ll_eflash.o
      2100        450         24          0          0       8082   tx_phe_ll_fadc.o
       320        146          0          0          0       1949   tx_phe_ll_gpio.o
       548        142          0          0          0       1930   tx_phe_ll_spi.o
       670        218          0          0          0       3516   tx_phe_ll_usart.o
        20          0        316          0          0       2063   tx_phe_startup.o
      1854        914          0        412          0      43525   tx_phe_system.o
         0          0          0          0       7116       2632   txf6200.o
       216         36          0          0         24      12713   user.o

    ----------------------------------------------------------------------
     17738       3830       6692        500       8948     345766   Object Totals
        50          0         64          0       1024          0   (incl. Generated)
        16          0          5          3          4          0   (incl. Padding)

    ----------------------------------------------------------------------

      Code (inc. data)   RO Data    RW Data    ZI Data      Debug   Library Member Name

        86          0          0          0          0          0   __dczerorl2.o
         0          0          0          0          0          0   entry.o
         0          0          0          0          0          0   entry10a.o
         0          0          0          0          0          0   entry11a.o
         8          4          0          0          0          0   entry4.o
         4          0          0          0          0          0   entry5.o
         0          0          0          0          0          0   entry7b.o
         0          0          0          0          0          0   entry8b.o
         8          4          0          0          0          0   entry9a.o
        30          0          0          0          0          0   handlers.o
        36          8          0          0          0         68   init.o
        30          0          0          0          0         68   llshl.o
        32          0          0          0          0         68   llushr.o
        36          0          0          0          0         68   memcpya.o
        36          0          0          0          0        108   memseta.o
      1204         60          0          0          0        504   printf8.o
        14          0          0          0          0         68   strlen.o
        30          0          0          0          0         80   strncmp.o
        36          0          0          0          0         80   strstr.o
        98          0          0          0          0         92   uldiv.o

    ----------------------------------------------------------------------
      1690         76          0          0          0       1204   Library Totals
         2          0          0          0          0          0   (incl. Padding)

    ----------------------------------------------------------------------

      Code (inc. data)   RO Data    RW Data    ZI Data      Debug   Library Name

      1688         76          0          0          0       1204   mc_w.l

    ----------------------------------------------------------------------
      1690         76          0          0          0       1204   Library Totals

    ----------------------------------------------------------------------

==============================================================================


      Code (inc. data)   RO Data    RW Data    ZI Data      Debug   

     19428       3906       6692        500       8948     337634   Grand Totals
     19428       3906       6692        120       8948     337634   ELF Image Totals (compressed)
     19428       3906       6692        120          0          0   ROM Totals

==============================================================================

    Total RO  Size (Code + RO Data)                26120 (  25.51kB)
    Total RW  Size (RW Data + ZI Data)              9448 (   9.23kB)
    Total ROM Size (Code + RO Data + RW Data)      26240 (  25.63kB)

==============================================================================

